   Compiling proc-macro2 v1.0.107
   Compiling quote v1.0.47
   Compiling unicode-ident v1.0.24
   Compiling libc v0.2.189
   Compiling cfg-if v1.0.4
   Compiling serde_core v1.0.229
   Compiling crossbeam-utils v0.8.22
   Compiling shlex v2.0.1
   Compiling serde v1.0.229
   Compiling find-msvc-tools v0.1.9
   Compiling crossbeam-epoch v0.9.20
   Compiling cc v1.4.0
   Compiling memchr v2.8.3
   Compiling zerocopy v0.8.55
   Compiling parking_lot_core v0.9.12
   Compiling getrandom v0.4.3
   Compiling smallvec v1.15.2
   Compiling siphasher v1.0.3
   Compiling syn v2.0.119
   Compiling syn v3.0.3
   Compiling scopeguard v1.2.0
   Compiling rand_core v0.6.4
   Compiling lock_api v0.4.14
   Compiling rand v0.8.7
   Compiling phf_shared v0.11.3
   Compiling itoa v1.0.18
   Compiling once_cell v1.21.4
   Compiling syn v1.0.109
   Compiling autocfg v1.5.1
   Compiling pin-project-lite v0.2.17
   Compiling phf_generator v0.11.3
   Compiling ident_case v1.0.1
   Compiling foldhash v0.2.0
   Compiling zmij v1.0.23
   Compiling version_check v0.9.5
   Compiling strsim v0.11.1
   Compiling hashbrown v0.17.1
   Compiling num-traits v0.2.19
   Compiling ahash v0.7.8
   Compiling parking_lot v0.12.5
   Compiling uuid v1.24.0
   Compiling getrandom v0.2.17
   Compiling unicode-segmentation v1.13.3
   Compiling serde_json v1.0.151
   Compiling unicode-xid v0.2.6
   Compiling simdutf8 v0.1.5
   Compiling errno v0.3.14
   Compiling thiserror v1.0.69
   Compiling futures-sink v0.3.33
   Compiling portable-atomic v1.14.0
   Compiling fastrand v2.5.0
   Compiling futures-core v0.3.33
   Compiling futures-channel v0.3.33
   Compiling signal-hook-registry v1.4.8
   Compiling bitflags v2.13.1
   Compiling mio v1.2.2
   Compiling socket2 v0.6.5
   Compiling dirs-sys-next v0.1.2
   Compiling crossbeam-skiplist v0.1.3
   Compiling eyre v0.6.12
   Compiling darling_core v0.23.0
   Compiling heck v0.5.0
   Compiling vcpkg v0.2.15
   Compiling futures-task v0.3.33
   Compiling futures-io v0.3.33
   Compiling bytes v1.12.1
   Compiling rkyv v0.7.46
   Compiling pkg-config v0.3.33
   Compiling slab v0.4.12
   Compiling serde_derive v1.0.229
   Compiling tokio-macros v2.7.2
   Compiling libsqlite3-sys v0.38.1
   Compiling dirs-next v2.0.0
   Compiling hashbrown v0.12.3
   Compiling convert_case v0.10.0
   Compiling ptr_meta_derive v0.1.4
   Compiling rkyv_derive v0.7.46
   Compiling tokio v1.53.1
   Compiling csv-core v0.1.13
   Compiling arbitrary-int v2.1.1
   Compiling ptr_meta v0.1.4
   Compiling zerocopy-derive v0.8.55
   Compiling ptr_meta_derive v0.3.1
   Compiling bytecheck_derive v0.8.2
   Compiling ptr_meta v0.3.1
   Compiling rancor v0.1.2
   Compiling phf_macros v0.11.3
   Compiling bytecheck v0.8.2
   Compiling darling_macro v0.23.0
   Compiling munge_macro v0.4.7
   Compiling rend v0.5.4
   Compiling phf v0.11.3
   Compiling darling v0.23.0
   Compiling futures-macro v0.3.33
   Compiling doxygen-rs v0.4.2
   Compiling rkyv_derive v0.8.17
   Compiling munge v0.4.7
   Compiling thiserror-impl v1.0.69
   Compiling lmdb-master-sys v0.2.6
   Compiling ribbit-derive v0.1.0
   Compiling futures-util v0.3.33
   Compiling ftree v1.3.0
   Compiling derive_more-impl v1.0.0
   Compiling ryu v1.0.23
   Compiling crc32fast v1.5.0
   Compiling rustix v1.1.4
   Compiling equivalent v1.0.2
   Compiling indenter v0.3.4
   Compiling seahash v4.1.0
   Compiling indexmap v2.14.0
   Compiling ribbit v0.2.1
   Compiling csv v1.4.0
   Compiling WorkTablesIndex v0.0.5
   Compiling rkyv v0.8.17
   Compiling futures-executor v0.3.33
   Compiling bincode v1.3.3
   Compiling tracing-attributes v0.1.31
   Compiling data_bucket_derive v0.3.17
   Compiling derive_more-impl v2.1.1
   Compiling ppv-lite86 v0.2.21
   Compiling derive_more v1.0.0
   Compiling rand_chacha v0.3.1
   Compiling term v0.7.0
   Compiling ordered-float v5.3.0
   Compiling convert_case v0.6.0
   Compiling tracing-core v0.1.36
   Compiling seize v0.5.1
   Compiling page_size v0.6.0
   Compiling is-terminal v0.4.17
   Compiling crossbeam-queue v0.3.13
   Compiling psc-nanoid v3.1.1
   Compiling fearless_simd v0.6.0
   Compiling redb v4.1.0
   Compiling linux-raw-sys v0.12.1
   Compiling unicode-width v0.1.14
   Compiling lazy_static v1.5.0
   Compiling heed-traits v0.20.0
   Compiling byteorder v1.5.0
   Compiling encode_unicode v1.0.0
   Compiling heed-types v0.20.1
   Compiling prettytable-rs v0.10.0
   Compiling data_bucket v0.5.2
   Compiling derive_more v2.1.1
   Compiling synchronoise v1.0.1
   Compiling tracing v0.1.44
   Compiling worktable_codegen v1.0.0-beta.5 (/home/ubuntu/bench/WorkTable/codegen)
   Compiling futures v0.3.33
   Compiling indexset v0.15.0
   Compiling smart-default v0.7.1
   Compiling async-trait v0.1.91
   Compiling hashlink v0.12.1
   Compiling congee-wt v0.4.1
   Compiling fallible-streaming-iterator v0.1.9
   Compiling hashbrown v0.14.5
   Compiling rustc-hash v2.1.3
   Compiling log v0.4.33
   Compiling fallible-iterator v0.3.0
   Compiling tempfile v3.27.0
   Compiling arctic-wt v0.1.4
   Compiling heed v0.20.5
   Compiling dashmap v6.2.1
   Compiling crossbeam-deque v0.8.7
   Compiling rayon-core v1.13.0
   Compiling either v1.17.0
   Compiling half v2.7.1
   Compiling alloca v0.4.0
   Compiling clap_lex v1.1.0
   Compiling plotters-backend v0.3.7
   Compiling regex-syntax v0.8.11
   Compiling anstyle v1.0.14
   Compiling ciborium-io v0.2.2
   Compiling ciborium-ll v0.2.2
   Compiling clap_builder v4.6.5
   Compiling plotters-svg v0.3.7
   Compiling itertools v0.13.0
   Compiling cast v0.3.0
   Compiling regex-automata v0.4.18
   Compiling same-file v1.0.6
   Compiling walkdir v2.5.0
   Compiling criterion-plot v0.8.2
   Compiling rayon v1.12.0
   Compiling clap v4.6.5
   Compiling plotters v0.3.7
   Compiling regex v1.13.1
   Compiling ciborium v0.2.2
   Compiling tinytemplate v1.2.1
   Compiling anes v0.1.6
   Compiling oorandom v11.1.5
   Compiling criterion v0.8.2
   Compiling worktable v1.0.0-beta.5 (/home/ubuntu/bench/WorkTable)
   Compiling rusqlite v0.40.1
   Compiling wt-benchmarks v0.1.0 (/home/ubuntu/bench/wt-benchmarks)
warning: unused `Result` that must be used
   --> src/kv_json.rs:193:17
    |
193 |                 w.set_durability(Durability::None);
    |                 ^^^^^^^^^^^^^^^^^^^^^^^^^^^^^^^^^^
    |
    = note: this `Result` may be an `Err` variant, which should be handled
    = note: `#[warn(unused_must_use)]` (part of `#[warn(unused)]`) on by default
help: use `let _ = ...` to ignore the resulting value
    |
193 |                 let _ = w.set_durability(Durability::None);
    |                 +++++++

warning: unused `Result` that must be used
   --> src/kv_json.rs:204:13
    |
204 |             w.set_durability(Durability::None);
    |             ^^^^^^^^^^^^^^^^^^^^^^^^^^^^^^^^^^
    |
    = note: this `Result` may be an `Err` variant, which should be handled
help: use `let _ = ...` to ignore the resulting value
    |
204 |             let _ = w.set_durability(Durability::None);
    |             +++++++

warning: unused `Result` that must be used
   --> src/kv_json.rs:218:13
    |
218 |             w.set_durability(Durability::None);
    |             ^^^^^^^^^^^^^^^^^^^^^^^^^^^^^^^^^^
    |
    = note: this `Result` may be an `Err` variant, which should be handled
help: use `let _ = ...` to ignore the resulting value
    |
218 |             let _ = w.set_durability(Durability::None);
    |             +++++++

warning: unused `Result` that must be used
   --> src/kv_json.rs:240:17
    |
240 |                 w.set_durability(Durability::None);
    |                 ^^^^^^^^^^^^^^^^^^^^^^^^^^^^^^^^^^
    |
    = note: this `Result` may be an `Err` variant, which should be handled
help: use `let _ = ...` to ignore the resulting value
    |
240 |                 let _ = w.set_durability(Durability::None);
    |                 +++++++

warning: `wt-benchmarks` (lib) generated 4 warnings
    Finished `bench` profile [optimized + debuginfo] target(s) in 4m 00s
     Running benches/kv.rs (target/release/deps/kv-6d512582ac7bcbb2)
Gnuplot not found, using plotters backend
Benchmarking kv/insert/worktable
Benchmarking kv/insert/worktable: Warming up for 300.00 ms
Benchmarking kv/insert/worktable: Collecting 10 samples in estimated 5.9387 s (220 iterations)
Benchmarking kv/insert/worktable: Analyzing
kv/insert/worktable     time:   [24.014 ms 24.054 ms 24.078 ms]
                        thrpt:  [415.32 Kelem/s 415.73 Kelem/s 416.43 Kelem/s]
Benchmarking kv/insert/worktable-congee
Benchmarking kv/insert/worktable-congee: Warming up for 300.00 ms
Benchmarking kv/insert/worktable-congee: Collecting 10 samples in estimated 5.3122 s (220 iterations)
Benchmarking kv/insert/worktable-congee: Analyzing
kv/insert/worktable-congee
                        time:   [19.451 ms 19.507 ms 19.596 ms]
                        thrpt:  [510.30 Kelem/s 512.63 Kelem/s 514.12 Kelem/s]
Benchmarking kv/insert/worktable-arctic
Benchmarking kv/insert/worktable-arctic: Warming up for 300.00 ms
Benchmarking kv/insert/worktable-arctic: Collecting 10 samples in estimated 5.0599 s (220 iterations)
Benchmarking kv/insert/worktable-arctic: Analyzing
kv/insert/worktable-arctic
                        time:   [18.779 ms 18.835 ms 18.868 ms]
                        thrpt:  [530.00 Kelem/s 530.93 Kelem/s 532.50 Kelem/s]
Benchmarking kv/insert/sqlite
Benchmarking kv/insert/sqlite: Warming up for 300.00 ms
Benchmarking kv/insert/sqlite: Collecting 10 samples in estimated 5.9197 s (330 iterations)
Benchmarking kv/insert/sqlite: Analyzing
kv/insert/sqlite        time:   [17.818 ms 17.852 ms 17.895 ms]
                        thrpt:  [558.81 Kelem/s 560.17 Kelem/s 561.23 Kelem/s]
Benchmarking kv/insert/redb
Benchmarking kv/insert/redb: Warming up for 300.00 ms
Benchmarking kv/insert/redb: Collecting 10 samples in estimated 8.5021 s (110 iterations)
Benchmarking kv/insert/redb: Analyzing
kv/insert/redb          time:   [11.660 ms 11.865 ms 12.356 ms]
                        thrpt:  [809.32 Kelem/s 842.79 Kelem/s 857.62 Kelem/s]
Benchmarking kv/insert/lmdb
Benchmarking kv/insert/lmdb: Warming up for 300.00 ms
Benchmarking kv/insert/lmdb: Collecting 10 samples in estimated 5.1282 s (1155 iterations)
Benchmarking kv/insert/lmdb: Analyzing
kv/insert/lmdb          time:   [4.3958 ms 4.3998 ms 4.4052 ms]
                        thrpt:  [2.2700 Melem/s 2.2728 Melem/s 2.2749 Melem/s]

Benchmarking kv/point_read/worktable
Benchmarking kv/point_read/worktable: Warming up for 300.00 ms
Benchmarking kv/point_read/worktable: Collecting 10 samples in estimated 5.2586 s (1100 iterations)
Benchmarking kv/point_read/worktable: Analyzing
kv/point_read/worktable time:   [4.6553 ms 4.7587 ms 4.8443 ms]
                        thrpt:  [2.0643 Melem/s 2.1014 Melem/s 2.1481 Melem/s]
Benchmarking kv/point_read/worktable-congee
Benchmarking kv/point_read/worktable-congee: Warming up for 300.00 ms
Benchmarking kv/point_read/worktable-congee: Collecting 10 samples in estimated 5.1726 s (1485 iterations)
Benchmarking kv/point_read/worktable-congee: Analyzing
kv/point_read/worktable-congee
                        time:   [3.2658 ms 3.3034 ms 3.3942 ms]
                        thrpt:  [2.9462 Melem/s 3.0272 Melem/s 3.0620 Melem/s]
Found 1 outliers among 10 measurements (10.00%)
  1 (10.00%) high mild
Benchmarking kv/point_read/worktable-arctic
Benchmarking kv/point_read/worktable-arctic: Warming up for 300.00 ms
Benchmarking kv/point_read/worktable-arctic: Collecting 10 samples in estimated 5.0081 s (1265 iterations)
Benchmarking kv/point_read/worktable-arctic: Analyzing
kv/point_read/worktable-arctic
                        time:   [3.8416 ms 3.9231 ms 4.0339 ms]
                        thrpt:  [2.4790 Melem/s 2.5490 Melem/s 2.6031 Melem/s]
Found 4 outliers among 10 measurements (40.00%)
  2 (20.00%) low mild
  1 (10.00%) high mild
  1 (10.00%) high severe
Benchmarking kv/point_read/sqlite
Benchmarking kv/point_read/sqlite: Warming up for 300.00 ms
Benchmarking kv/point_read/sqlite: Collecting 10 samples in estimated 5.3166 s (660 iterations)
Benchmarking kv/point_read/sqlite: Analyzing
kv/point_read/sqlite    time:   [8.0472 ms 8.0572 ms 8.0654 ms]
                        thrpt:  [1.2399 Melem/s 1.2411 Melem/s 1.2427 Melem/s]
Found 1 outliers among 10 measurements (10.00%)
  1 (10.00%) high mild
Benchmarking kv/point_read/redb
Benchmarking kv/point_read/redb: Warming up for 300.00 ms
Benchmarking kv/point_read/redb: Collecting 10 samples in estimated 5.1013 s (1100 iterations)
Benchmarking kv/point_read/redb: Analyzing
kv/point_read/redb      time:   [4.6232 ms 4.6264 ms 4.6304 ms]
                        thrpt:  [2.1596 Melem/s 2.1615 Melem/s 2.1630 Melem/s]
Benchmarking kv/point_read/lmdb
Benchmarking kv/point_read/lmdb: Warming up for 300.00 ms
Benchmarking kv/point_read/lmdb: Collecting 10 samples in estimated 5.0669 s (1210 iterations)
Benchmarking kv/point_read/lmdb: Analyzing
kv/point_read/lmdb      time:   [4.1896 ms 4.1993 ms 4.2062 ms]
                        thrpt:  [2.3774 Melem/s 2.3813 Melem/s 2.3869 Melem/s]

Benchmarking kv/overwrite/worktable
Benchmarking kv/overwrite/worktable: Warming up for 300.00 ms
Benchmarking kv/overwrite/worktable: Collecting 10 samples in estimated 5.6404 s (165 iterations)
Benchmarking kv/overwrite/worktable: Analyzing
kv/overwrite/worktable  time:   [34.032 ms 34.099 ms 34.174 ms]
                        thrpt:  [292.62 Kelem/s 293.26 Kelem/s 293.84 Kelem/s]
Found 1 outliers among 10 measurements (10.00%)
  1 (10.00%) low mild
Benchmarking kv/overwrite/worktable-congee
Benchmarking kv/overwrite/worktable-congee: Warming up for 300.00 ms
Benchmarking kv/overwrite/worktable-congee: Collecting 10 samples in estimated 5.1051 s (165 iterations)
Benchmarking kv/overwrite/worktable-congee: Analyzing
kv/overwrite/worktable-congee
                        time:   [30.764 ms 30.825 ms 30.914 ms]
                        thrpt:  [323.48 Kelem/s 324.41 Kelem/s 325.05 Kelem/s]
Benchmarking kv/overwrite/worktable-arctic
Benchmarking kv/overwrite/worktable-arctic: Warming up for 300.00 ms
Benchmarking kv/overwrite/worktable-arctic: Collecting 10 samples in estimated 5.2015 s (165 iterations)
Benchmarking kv/overwrite/worktable-arctic: Analyzing
kv/overwrite/worktable-arctic
                        time:   [31.374 ms 31.522 ms 31.680 ms]
                        thrpt:  [315.66 Kelem/s 317.24 Kelem/s 318.74 Kelem/s]
Benchmarking kv/overwrite/sqlite
Benchmarking kv/overwrite/sqlite: Warming up for 300.00 ms
Benchmarking kv/overwrite/sqlite: Collecting 10 samples in estimated 5.4357 s (550 iterations)
Benchmarking kv/overwrite/sqlite: Analyzing
kv/overwrite/sqlite     time:   [9.6769 ms 9.6836 ms 9.6954 ms]
                        thrpt:  [1.0314 Melem/s 1.0327 Melem/s 1.0334 Melem/s]
Benchmarking kv/overwrite/redb
Benchmarking kv/overwrite/redb: Warming up for 300.00 ms
Benchmarking kv/overwrite/redb: Collecting 10 samples in estimated 5.4678 s (440 iterations)
Benchmarking kv/overwrite/redb: Analyzing
kv/overwrite/redb       time:   [12.304 ms 12.355 ms 12.383 ms]
                        thrpt:  [807.56 Kelem/s 809.38 Kelem/s 812.76 Kelem/s]
Benchmarking kv/overwrite/lmdb
Benchmarking kv/overwrite/lmdb: Warming up for 300.00 ms
Benchmarking kv/overwrite/lmdb: Collecting 10 samples in estimated 5.2222 s (990 iterations)
Benchmarking kv/overwrite/lmdb: Analyzing
kv/overwrite/lmdb       time:   [5.2572 ms 5.2627 ms 5.2665 ms]
                        thrpt:  [1.8988 Melem/s 1.9002 Melem/s 1.9022 Melem/s]

Benchmarking kv/range_scan/worktable
Benchmarking kv/range_scan/worktable: Warming up for 300.00 ms
Benchmarking kv/range_scan/worktable: Collecting 10 samples in estimated 5.1559 s (715 iterations)
Benchmarking kv/range_scan/worktable: Analyzing
kv/range_scan/worktable time:   [7.0835 ms 7.1579 ms 7.2212 ms]
                        thrpt:  [2.7696 Melem/s 2.7941 Melem/s 2.8235 Melem/s]
Benchmarking kv/range_scan/worktable-congee
Benchmarking kv/range_scan/worktable-congee: Warming up for 300.00 ms
Benchmarking kv/range_scan/worktable-congee: Collecting 10 samples in estimated 5.1523 s (715 iterations)
Benchmarking kv/range_scan/worktable-congee: Analyzing
kv/range_scan/worktable-congee
                        time:   [7.2095 ms 7.2327 ms 7.2853 ms]
                        thrpt:  [2.7453 Melem/s 2.7652 Melem/s 2.7741 Melem/s]
Found 2 outliers among 10 measurements (20.00%)
  1 (10.00%) high mild
  1 (10.00%) high severe
Benchmarking kv/range_scan/worktable-arctic
Benchmarking kv/range_scan/worktable-arctic: Warming up for 300.00 ms
Benchmarking kv/range_scan/worktable-arctic: Collecting 10 samples in estimated 5.2601 s (660 iterations)
Benchmarking kv/range_scan/worktable-arctic: Analyzing
kv/range_scan/worktable-arctic
                        time:   [7.9643 ms 8.0701 ms 8.1428 ms]
                        thrpt:  [2.4562 Melem/s 2.4783 Melem/s 2.5112 Melem/s]
Benchmarking kv/range_scan/redb
Benchmarking kv/range_scan/redb: Warming up for 300.00 ms
Benchmarking kv/range_scan/redb: Collecting 10 samples in estimated 5.0119 s (1100 iterations)
Benchmarking kv/range_scan/redb: Analyzing
kv/range_scan/redb      time:   [4.5478 ms 4.5497 ms 4.5524 ms]
                        thrpt:  [4.3933 Melem/s 4.3959 Melem/s 4.3977 Melem/s]
Benchmarking kv/range_scan/lmdb
Benchmarking kv/range_scan/lmdb: Warming up for 300.00 ms
Benchmarking kv/range_scan/lmdb: Collecting 10 samples in estimated 5.0831 s (1650 iterations)
Benchmarking kv/range_scan/lmdb: Analyzing
kv/range_scan/lmdb      time:   [3.0537 ms 3.0544 ms 3.0550 ms]
                        thrpt:  [6.5466 Melem/s 6.5479 Melem/s 6.5494 Melem/s]
Benchmarking kv/range_scan/sqlite
Benchmarking kv/range_scan/sqlite: Warming up for 300.00 ms
Benchmarking kv/range_scan/sqlite: Collecting 10 samples in estimated 5.1766 s (715 iterations)
Benchmarking kv/range_scan/sqlite: Analyzing
kv/range_scan/sqlite    time:   [7.2292 ms 7.2332 ms 7.2367 ms]
                        thrpt:  [2.7637 Melem/s 2.7650 Melem/s 2.7666 Melem/s]
Found 1 outliers among 10 measurements (10.00%)
  1 (10.00%) high severe

warning: unused `Result` that must be used
   --> src/kv_json.rs:193:17
    |
193 |                 w.set_durability(Durability::None);
    |                 ^^^^^^^^^^^^^^^^^^^^^^^^^^^^^^^^^^
    |
    = note: this `Result` may be an `Err` variant, which should be handled
    = note: `#[warn(unused_must_use)]` (part of `#[warn(unused)]`) on by default
help: use `let _ = ...` to ignore the resulting value
    |
193 |                 let _ = w.set_durability(Durability::None);
    |                 +++++++

warning: unused `Result` that must be used
   --> src/kv_json.rs:204:13
    |
204 |             w.set_durability(Durability::None);
    |             ^^^^^^^^^^^^^^^^^^^^^^^^^^^^^^^^^^
    |
    = note: this `Result` may be an `Err` variant, which should be handled
help: use `let _ = ...` to ignore the resulting value
    |
204 |             let _ = w.set_durability(Durability::None);
    |             +++++++

warning: unused `Result` that must be used
   --> src/kv_json.rs:218:13
    |
218 |             w.set_durability(Durability::None);
    |             ^^^^^^^^^^^^^^^^^^^^^^^^^^^^^^^^^^
    |
    = note: this `Result` may be an `Err` variant, which should be handled
help: use `let _ = ...` to ignore the resulting value
    |
218 |             let _ = w.set_durability(Durability::None);
    |             +++++++

warning: unused `Result` that must be used
   --> src/kv_json.rs:240:17
    |
240 |                 w.set_durability(Durability::None);
    |                 ^^^^^^^^^^^^^^^^^^^^^^^^^^^^^^^^^^
    |
    = note: this `Result` may be an `Err` variant, which should be handled
help: use `let _ = ...` to ignore the resulting value
    |
240 |                 let _ = w.set_durability(Durability::None);
    |                 +++++++

warning: `wt-benchmarks` (lib) generated 4 warnings
   Compiling wt-benchmarks v0.1.0 (/home/ubuntu/bench/wt-benchmarks)
    Finished `bench` profile [optimized + debuginfo] target(s) in 1m 07s
     Running benches/kv_json.rs (target/release/deps/kv_json-8b3c7ea43458f84f)
Gnuplot not found, using plotters backend
Benchmarking kv_json/insert/worktable
Benchmarking kv_json/insert/worktable: Warming up for 300.00 ms
Benchmarking kv_json/insert/worktable: Collecting 10 samples in estimated 6.6356 s (220 iterations)
Benchmarking kv_json/insert/worktable: Analyzing
kv_json/insert/worktable
                        time:   [27.311 ms 27.339 ms 27.354 ms]
                        thrpt:  [365.58 Kelem/s 365.78 Kelem/s 366.15 Kelem/s]
Found 2 outliers among 10 measurements (20.00%)
  2 (20.00%) low severe
Benchmarking kv_json/insert/worktable-congee
Benchmarking kv_json/insert/worktable-congee: Warming up for 300.00 ms
Benchmarking kv_json/insert/worktable-congee: Collecting 10 samples in estimated 5.9119 s (220 iterations)
Benchmarking kv_json/insert/worktable-congee: Analyzing
kv_json/insert/worktable-congee
                        time:   [21.926 ms 21.966 ms 21.991 ms]
                        thrpt:  [454.73 Kelem/s 455.26 Kelem/s 456.07 Kelem/s]
Benchmarking kv_json/insert/worktable-arctic
Benchmarking kv_json/insert/worktable-arctic: Warming up for 300.00 ms
Benchmarking kv_json/insert/worktable-arctic: Collecting 10 samples in estimated 5.9946 s (220 iterations)
Benchmarking kv_json/insert/worktable-arctic: Analyzing
kv_json/insert/worktable-arctic
                        time:   [21.846 ms 21.866 ms 21.883 ms]
                        thrpt:  [456.97 Kelem/s 457.34 Kelem/s 457.76 Kelem/s]
Found 1 outliers among 10 measurements (10.00%)
  1 (10.00%) low mild
Benchmarking kv_json/insert/redb-json
Benchmarking kv_json/insert/redb-json: Warming up for 300.00 ms
Benchmarking kv_json/insert/redb-json: Collecting 10 samples in estimated 7.1798 s (20 iterations)
Benchmarking kv_json/insert/redb-json: Analyzing
kv_json/insert/redb-json
                        time:   [362.42 ms 363.15 ms 363.88 ms]
                        thrpt:  [27.482 Kelem/s 27.536 Kelem/s 27.593 Kelem/s]
Benchmarking kv_json/insert/lmdb-json
Benchmarking kv_json/insert/lmdb-json: Warming up for 300.00 ms
Benchmarking kv_json/insert/lmdb-json: Collecting 10 samples in estimated 6.5384 s (110 iterations)
Benchmarking kv_json/insert/lmdb-json: Analyzing
kv_json/insert/lmdb-json
                        time:   [58.243 ms 58.944 ms 59.935 ms]
                        thrpt:  [166.85 Kelem/s 169.65 Kelem/s 171.69 Kelem/s]
Found 1 outliers among 10 measurements (10.00%)
  1 (10.00%) high mild

Benchmarking kv_json/point_get/worktable
Benchmarking kv_json/point_get/worktable: Warming up for 300.00 ms
Benchmarking kv_json/point_get/worktable: Collecting 10 samples in estimated 5.0354 s (1375 iterations)
Benchmarking kv_json/point_get/worktable: Analyzing
kv_json/point_get/worktable
                        time:   [3.5466 ms 3.5904 ms 3.6572 ms]
                        thrpt:  [2.7344 Melem/s 2.7852 Melem/s 2.8196 Melem/s]
Benchmarking kv_json/point_get/worktable-congee
Benchmarking kv_json/point_get/worktable-congee: Warming up for 300.00 ms
Benchmarking kv_json/point_get/worktable-congee: Collecting 10 samples in estimated 5.0446 s (2200 iterations)
Benchmarking kv_json/point_get/worktable-congee: Analyzing
kv_json/point_get/worktable-congee
                        time:   [2.2844 ms 2.2897 ms 2.2941 ms]
                        thrpt:  [4.3589 Melem/s 4.3675 Melem/s 4.3775 Melem/s]
Found 1 outliers among 10 measurements (10.00%)
  1 (10.00%) low mild
Benchmarking kv_json/point_get/worktable-arctic
Benchmarking kv_json/point_get/worktable-arctic: Warming up for 300.00 ms
Benchmarking kv_json/point_get/worktable-arctic: Collecting 10 samples in estimated 5.1331 s (1705 iterations)
Benchmarking kv_json/point_get/worktable-arctic: Analyzing
kv_json/point_get/worktable-arctic
                        time:   [2.8438 ms 2.8647 ms 2.8902 ms]
                        thrpt:  [3.4600 Melem/s 3.4907 Melem/s 3.5165 Melem/s]
Found 1 outliers among 10 measurements (10.00%)
  1 (10.00%) high mild
Benchmarking kv_json/point_get/redb-json
Benchmarking kv_json/point_get/redb-json: Warming up for 300.00 ms
Benchmarking kv_json/point_get/redb-json: Collecting 10 samples in estimated 5.1519 s (660 iterations)
Benchmarking kv_json/point_get/redb-json: Analyzing
kv_json/point_get/redb-json
                        time:   [7.6662 ms 7.6993 ms 7.7204 ms]
                        thrpt:  [1.2953 Melem/s 1.2988 Melem/s 1.3044 Melem/s]
Found 1 outliers among 10 measurements (10.00%)
  1 (10.00%) high severe
Benchmarking kv_json/point_get/lmdb-json
Benchmarking kv_json/point_get/lmdb-json: Warming up for 300.00 ms
Benchmarking kv_json/point_get/lmdb-json: Collecting 10 samples in estimated 5.1653 s (660 iterations)
Benchmarking kv_json/point_get/lmdb-json: Analyzing
kv_json/point_get/lmdb-json
                        time:   [7.6413 ms 7.6686 ms 7.7094 ms]
                        thrpt:  [1.2971 Melem/s 1.3040 Melem/s 1.3087 Melem/s]
Found 2 outliers among 10 measurements (20.00%)
  2 (20.00%) high mild

Benchmarking kv_json/update_field/worktable
Benchmarking kv_json/update_field/worktable: Warming up for 300.00 ms

Warning: Unable to complete 10 samples in 5.0s. You may wish to increase target time to 5.4s or enable flat sampling.
Benchmarking kv_json/update_field/worktable: Collecting 10 samples in estimated 5.3527 s (55 iterations)
Benchmarking kv_json/update_field/worktable: Analyzing
kv_json/update_field/worktable
                        time:   [98.575 ms 98.855 ms 99.277 ms]
                        thrpt:  [100.73 Kelem/s 101.16 Kelem/s 101.45 Kelem/s]
Benchmarking kv_json/update_field/worktable-congee
Benchmarking kv_json/update_field/worktable-congee: Warming up for 300.00 ms

Warning: Unable to complete 10 samples in 5.0s. You may wish to increase target time to 5.1s or enable flat sampling.
Benchmarking kv_json/update_field/worktable-congee: Collecting 10 samples in estimated 5.1398 s (55 iterations)
Benchmarking kv_json/update_field/worktable-congee: Analyzing
kv_json/update_field/worktable-congee
                        time:   [96.027 ms 96.520 ms 96.881 ms]
                        thrpt:  [103.22 Kelem/s 103.61 Kelem/s 104.14 Kelem/s]
Found 1 outliers among 10 measurements (10.00%)
  1 (10.00%) low mild
Benchmarking kv_json/update_field/worktable-arctic
Benchmarking kv_json/update_field/worktable-arctic: Warming up for 300.00 ms

Warning: Unable to complete 10 samples in 5.0s. You may wish to increase target time to 5.4s or enable flat sampling.
Benchmarking kv_json/update_field/worktable-arctic: Collecting 10 samples in estimated 5.4102 s (55 iterations)
Benchmarking kv_json/update_field/worktable-arctic: Analyzing
kv_json/update_field/worktable-arctic
                        time:   [99.513 ms 99.935 ms 100.29 ms]
                        thrpt:  [99.707 Kelem/s 100.06 Kelem/s 100.49 Kelem/s]
Benchmarking kv_json/update_field/redb-json
Benchmarking kv_json/update_field/redb-json: Warming up for 300.00 ms
Benchmarking kv_json/update_field/redb-json: Collecting 10 samples in estimated 7.8206 s (20 iterations)
Benchmarking kv_json/update_field/redb-json: Analyzing
kv_json/update_field/redb-json
                        time:   [388.74 ms 389.83 ms 390.95 ms]
                        thrpt:  [25.579 Kelem/s 25.652 Kelem/s 25.724 Kelem/s]
Benchmarking kv_json/update_field/lmdb-json
Benchmarking kv_json/update_field/lmdb-json: Warming up for 300.00 ms
Benchmarking kv_json/update_field/lmdb-json: Collecting 10 samples in estimated 7.0313 s (110 iterations)
Benchmarking kv_json/update_field/lmdb-json: Analyzing
kv_json/update_field/lmdb-json
                        time:   [64.372 ms 64.830 ms 65.057 ms]
                        thrpt:  [153.71 Kelem/s 154.25 Kelem/s 155.35 Kelem/s]

Benchmarking kv_json/query_field/worktable
Benchmarking kv_json/query_field/worktable: Warming up for 300.00 ms
Benchmarking kv_json/query_field/worktable: Collecting 10 samples in estimated 5.0663 s (1705 iterations)
Benchmarking kv_json/query_field/worktable: Analyzing
kv_json/query_field/worktable
                        time:   [2.9470 ms 2.9857 ms 3.0112 ms]
                        thrpt:  [3.3210 Melem/s 3.3492 Melem/s 3.3933 Melem/s]
Benchmarking kv_json/query_field/worktable-congee
Benchmarking kv_json/query_field/worktable-congee: Warming up for 300.00 ms
Benchmarking kv_json/query_field/worktable-congee: Collecting 10 samples in estimated 5.1217 s (1430 iterations)
Benchmarking kv_json/query_field/worktable-congee: Analyzing
kv_json/query_field/worktable-congee
                        time:   [3.4365 ms 3.4598 ms 3.4919 ms]
                        thrpt:  [2.8637 Melem/s 2.8904 Melem/s 2.9099 Melem/s]
Benchmarking kv_json/query_field/worktable-arctic
Benchmarking kv_json/query_field/worktable-arctic: Warming up for 300.00 ms
Benchmarking kv_json/query_field/worktable-arctic: Collecting 10 samples in estimated 5.0509 s (1595 iterations)
Benchmarking kv_json/query_field/worktable-arctic: Analyzing
kv_json/query_field/worktable-arctic
                        time:   [3.1642 ms 3.1881 ms 3.2257 ms]
                        thrpt:  [3.1001 Melem/s 3.1367 Melem/s 3.1604 Melem/s]
Found 1 outliers among 10 measurements (10.00%)
  1 (10.00%) high severe
Benchmarking kv_json/query_field/redb-json
Benchmarking kv_json/query_field/redb-json: Warming up for 300.00 ms
Benchmarking kv_json/query_field/redb-json: Collecting 10 samples in estimated 5.1503 s (1100 iterations)
Benchmarking kv_json/query_field/redb-json: Analyzing
kv_json/query_field/redb-json
                        time:   [4.8163 ms 4.8193 ms 4.8219 ms]
                        thrpt:  [2.0739 Melem/s 2.0750 Melem/s 2.0763 Melem/s]
Found 2 outliers among 10 measurements (20.00%)
  1 (10.00%) low severe
  1 (10.00%) high mild
Benchmarking kv_json/query_field/lmdb-json
Benchmarking kv_json/query_field/lmdb-json: Warming up for 300.00 ms
Benchmarking kv_json/query_field/lmdb-json: Collecting 10 samples in estimated 5.0021 s (1210 iterations)
Benchmarking kv_json/query_field/lmdb-json: Analyzing
kv_json/query_field/lmdb-json
                        time:   [4.1115 ms 4.1180 ms 4.1288 ms]
                        thrpt:  [2.4220 Melem/s 2.4284 Melem/s 2.4322 Melem/s]

   Compiling hashbrown v0.17.1
   Compiling rkyv v0.8.17
   Compiling psc-nanoid v3.1.1
   Compiling data_bucket v0.5.2
   Compiling worktable v1.0.0-beta.5 (/home/ubuntu/bench/WorkTable)
   Compiling wt-benchmarks v0.1.0 (/home/ubuntu/bench/wt-benchmarks)
    Finished `bench` profile [optimized + debuginfo] target(s) in 2m 03s
     Running benches/ycsb.rs (target/release/deps/ycsb-3489143bd087d730)
Gnuplot not found, using plotters backend
Benchmarking ycsb/throughput/A/worktable
Benchmarking ycsb/throughput/A/worktable: Warming up for 300.00 ms

Warning: Unable to complete 10 samples in 10.0s. You may wish to increase target time to 13.6s.
Benchmarking ycsb/throughput/A/worktable: Collecting 10 samples in estimated 13.588 s (10 iterations)
Benchmarking ycsb/throughput/A/worktable: Analyzing
ycsb/throughput/A/worktable
                        time:   [883.98 ms 887.62 ms 892.00 ms]
                        thrpt:  [224.22 Kelem/s 225.32 Kelem/s 226.25 Kelem/s]
Found 1 outliers among 10 measurements (10.00%)
  1 (10.00%) high severe
Benchmarking ycsb/throughput/A/worktable-congee
Benchmarking ycsb/throughput/A/worktable-congee: Warming up for 300.00 ms

Warning: Unable to complete 10 samples in 10.0s. You may wish to increase target time to 12.1s.
Benchmarking ycsb/throughput/A/worktable-congee: Collecting 10 samples in estimated 12.150 s (10 iterations)
Benchmarking ycsb/throughput/A/worktable-congee: Analyzing
ycsb/throughput/A/worktable-congee
                        time:   [807.81 ms 811.89 ms 815.64 ms]
                        thrpt:  [245.21 Kelem/s 246.34 Kelem/s 247.58 Kelem/s]
Benchmarking ycsb/throughput/A/worktable-arctic
Benchmarking ycsb/throughput/A/worktable-arctic: Warming up for 300.00 ms

Warning: Unable to complete 10 samples in 10.0s. You may wish to increase target time to 12.3s.
Benchmarking ycsb/throughput/A/worktable-arctic: Collecting 10 samples in estimated 12.320 s (10 iterations)
Benchmarking ycsb/throughput/A/worktable-arctic: Analyzing
ycsb/throughput/A/worktable-arctic
                        time:   [826.02 ms 829.41 ms 832.47 ms]
                        thrpt:  [240.25 Kelem/s 241.14 Kelem/s 242.12 Kelem/s]
Found 2 outliers among 10 measurements (20.00%)
  1 (10.00%) low severe
  1 (10.00%) high mild
Benchmarking ycsb/throughput/B/worktable
Benchmarking ycsb/throughput/B/worktable: Warming up for 300.00 ms
Benchmarking ycsb/throughput/B/worktable: Collecting 10 samples in estimated 12.299 s (20 iterations)
Benchmarking ycsb/throughput/B/worktable: Analyzing
ycsb/throughput/B/worktable
                        time:   [196.70 ms 202.67 ms 209.00 ms]
                        thrpt:  [956.94 Kelem/s 986.81 Kelem/s 1.0168 Melem/s]
Found 1 outliers among 10 measurements (10.00%)
  1 (10.00%) high mild
Benchmarking ycsb/throughput/B/worktable-congee
Benchmarking ycsb/throughput/B/worktable-congee: Warming up for 300.00 ms
Benchmarking ycsb/throughput/B/worktable-congee: Collecting 10 samples in estimated 10.476 s (20 iterations)
Benchmarking ycsb/throughput/B/worktable-congee: Analyzing
ycsb/throughput/B/worktable-congee
                        time:   [168.63 ms 172.29 ms 176.05 ms]
                        thrpt:  [1.1360 Melem/s 1.1609 Melem/s 1.1861 Melem/s]
Benchmarking ycsb/throughput/B/worktable-arctic
Benchmarking ycsb/throughput/B/worktable-arctic: Warming up for 300.00 ms
Benchmarking ycsb/throughput/B/worktable-arctic: Collecting 10 samples in estimated 10.839 s (20 iterations)
Benchmarking ycsb/throughput/B/worktable-arctic: Analyzing
ycsb/throughput/B/worktable-arctic
                        time:   [181.12 ms 184.43 ms 188.22 ms]
                        thrpt:  [1.0626 Melem/s 1.0844 Melem/s 1.1042 Melem/s]
Benchmarking ycsb/throughput/C/worktable
Benchmarking ycsb/throughput/C/worktable: Warming up for 300.00 ms
Benchmarking ycsb/throughput/C/worktable: Collecting 10 samples in estimated 13.400 s (30 iterations)
Benchmarking ycsb/throughput/C/worktable: Analyzing
ycsb/throughput/C/worktable
                        time:   [56.594 ms 56.994 ms 57.404 ms]
                        thrpt:  [3.4841 Melem/s 3.5092 Melem/s 3.5339 Melem/s]
Benchmarking ycsb/throughput/C/worktable-congee
Benchmarking ycsb/throughput/C/worktable-congee: Warming up for 300.00 ms
Benchmarking ycsb/throughput/C/worktable-congee: Collecting 10 samples in estimated 11.557 s (30 iterations)
Benchmarking ycsb/throughput/C/worktable-congee: Analyzing
ycsb/throughput/C/worktable-congee
                        time:   [40.696 ms 41.411 ms 42.070 ms]
                        thrpt:  [4.7540 Melem/s 4.8296 Melem/s 4.9145 Melem/s]
Benchmarking ycsb/throughput/C/worktable-arctic
Benchmarking ycsb/throughput/C/worktable-arctic: Warming up for 300.00 ms
Benchmarking ycsb/throughput/C/worktable-arctic: Collecting 10 samples in estimated 12.167 s (30 iterations)
Benchmarking ycsb/throughput/C/worktable-arctic: Analyzing
ycsb/throughput/C/worktable-arctic
                        time:   [55.136 ms 55.998 ms 56.864 ms]
                        thrpt:  [3.5171 Melem/s 3.5716 Melem/s 3.6274 Melem/s]
Benchmarking ycsb/throughput/F/worktable
Benchmarking ycsb/throughput/F/worktable: Warming up for 300.00 ms

Warning: Unable to complete 10 samples in 10.0s. You may wish to increase target time to 13.6s.
Benchmarking ycsb/throughput/F/worktable: Collecting 10 samples in estimated 13.577 s (10 iterations)
Benchmarking ycsb/throughput/F/worktable: Analyzing
ycsb/throughput/F/worktable
                        time:   [904.83 ms 912.41 ms 920.79 ms]
                        thrpt:  [217.21 Kelem/s 219.20 Kelem/s 221.04 Kelem/s]
Benchmarking ycsb/throughput/F/worktable-congee
Benchmarking ycsb/throughput/F/worktable-congee: Warming up for 300.00 ms

Warning: Unable to complete 10 samples in 10.0s. You may wish to increase target time to 12.6s.
Benchmarking ycsb/throughput/F/worktable-congee: Collecting 10 samples in estimated 12.566 s (10 iterations)
Benchmarking ycsb/throughput/F/worktable-congee: Analyzing
ycsb/throughput/F/worktable-congee
                        time:   [833.60 ms 838.73 ms 844.82 ms]
                        thrpt:  [236.74 Kelem/s 238.46 Kelem/s 239.92 Kelem/s]
Found 1 outliers among 10 measurements (10.00%)
  1 (10.00%) high severe
Benchmarking ycsb/throughput/F/worktable-arctic
Benchmarking ycsb/throughput/F/worktable-arctic: Warming up for 300.00 ms

Warning: Unable to complete 10 samples in 10.0s. You may wish to increase target time to 12.5s.
Benchmarking ycsb/throughput/F/worktable-arctic: Collecting 10 samples in estimated 12.461 s (10 iterations)
Benchmarking ycsb/throughput/F/worktable-arctic: Analyzing
ycsb/throughput/F/worktable-arctic
                        time:   [842.68 ms 848.01 ms 853.62 ms]
                        thrpt:  [234.30 Kelem/s 235.85 Kelem/s 237.34 Kelem/s]

Benchmarking ycsb/latency_p99/A/worktable
Benchmarking ycsb/latency_p99/A/worktable: Warming up for 300.00 ms

Warning: Unable to complete 10 samples in 10.0s. You may wish to increase target time to 13.6s.
Benchmarking ycsb/latency_p99/A/worktable: Collecting 10 samples in estimated 13.552 s (10 iterations)
Benchmarking ycsb/latency_p99/A/worktable: Analyzing
ycsb/latency_p99/A/worktable
                        time:   [5.8428 µs 6.7642 µs 8.0072 µs]
Found 1 outliers among 10 measurements (10.00%)
  1 (10.00%) high mild
Benchmarking ycsb/latency_p99/A/worktable-congee
Benchmarking ycsb/latency_p99/A/worktable-congee: Warming up for 300.00 ms

Warning: Unable to complete 10 samples in 10.0s. You may wish to increase target time to 12.3s.
Benchmarking ycsb/latency_p99/A/worktable-congee: Collecting 10 samples in estimated 12.344 s (10 iterations)
Benchmarking ycsb/latency_p99/A/worktable-congee: Analyzing
ycsb/latency_p99/A/worktable-congee
                        time:   [4.8254 µs 5.8953 µs 7.3558 µs]
Found 2 outliers among 10 measurements (20.00%)
  1 (10.00%) high mild
  1 (10.00%) high severe
Benchmarking ycsb/latency_p99/A/worktable-arctic
Benchmarking ycsb/latency_p99/A/worktable-arctic: Warming up for 300.00 ms

Warning: Unable to complete 10 samples in 10.0s. You may wish to increase target time to 12.3s.
Benchmarking ycsb/latency_p99/A/worktable-arctic: Collecting 10 samples in estimated 12.271 s (10 iterations)
Benchmarking ycsb/latency_p99/A/worktable-arctic: Analyzing
ycsb/latency_p99/A/worktable-arctic
                        time:   [4.7057 µs 5.5106 µs 6.7881 µs]
Found 1 outliers among 10 measurements (10.00%)
  1 (10.00%) high severe
Benchmarking ycsb/latency_p99/B/worktable
Benchmarking ycsb/latency_p99/B/worktable: Warming up for 300.00 ms
Benchmarking ycsb/latency_p99/B/worktable: Collecting 10 samples in estimated 12.144 s (20 iterations)
Benchmarking ycsb/latency_p99/B/worktable: Analyzing
ycsb/latency_p99/B/worktable
                        time:   [5.1995 µs 5.8273 µs 6.5966 µs]
Found 1 outliers among 10 measurements (10.00%)
  1 (10.00%) high mild
Benchmarking ycsb/latency_p99/B/worktable-congee
Benchmarking ycsb/latency_p99/B/worktable-congee: Warming up for 300.00 ms
Benchmarking ycsb/latency_p99/B/worktable-congee: Collecting 10 samples in estimated 10.432 s (20 iterations)
Benchmarking ycsb/latency_p99/B/worktable-congee: Analyzing
ycsb/latency_p99/B/worktable-congee
                        time:   [3.9705 µs 4.4389 µs 5.0514 µs]
Found 2 outliers among 10 measurements (20.00%)
  2 (20.00%) high severe
Benchmarking ycsb/latency_p99/B/worktable-arctic
Benchmarking ycsb/latency_p99/B/worktable-arctic: Warming up for 300.00 ms
Benchmarking ycsb/latency_p99/B/worktable-arctic: Collecting 10 samples in estimated 10.793 s (20 iterations)
Benchmarking ycsb/latency_p99/B/worktable-arctic: Analyzing
ycsb/latency_p99/B/worktable-arctic
                        time:   [3.7917 µs 3.9947 µs 4.2584 µs]
Found 2 outliers among 10 measurements (20.00%)
  1 (10.00%) low mild
  1 (10.00%) high severe
Benchmarking ycsb/latency_p99/C/worktable
Benchmarking ycsb/latency_p99/C/worktable: Warming up for 300.00 ms
Benchmarking ycsb/latency_p99/C/worktable: Collecting 10 samples in estimated 13.301 s (30 iterations)
Benchmarking ycsb/latency_p99/C/worktable: Analyzing
ycsb/latency_p99/C/worktable
                        time:   [5.9815 µs 6.5799 µs 7.2686 µs]
Found 2 outliers among 10 measurements (20.00%)
  2 (20.00%) high mild
Benchmarking ycsb/latency_p99/C/worktable-congee
Benchmarking ycsb/latency_p99/C/worktable-congee: Warming up for 300.00 ms
Benchmarking ycsb/latency_p99/C/worktable-congee: Collecting 10 samples in estimated 11.625 s (30 iterations)
Benchmarking ycsb/latency_p99/C/worktable-congee: Analyzing
ycsb/latency_p99/C/worktable-congee
                        time:   [3.5017 µs 4.0449 µs 4.5992 µs]
Benchmarking ycsb/latency_p99/C/worktable-arctic
Benchmarking ycsb/latency_p99/C/worktable-arctic: Warming up for 300.00 ms
Benchmarking ycsb/latency_p99/C/worktable-arctic: Collecting 10 samples in estimated 12.113 s (30 iterations)
Benchmarking ycsb/latency_p99/C/worktable-arctic: Analyzing
ycsb/latency_p99/C/worktable-arctic
                        time:   [4.5783 µs 4.9808 µs 5.3714 µs]
Benchmarking ycsb/latency_p99/F/worktable
Benchmarking ycsb/latency_p99/F/worktable: Warming up for 300.00 ms

Warning: Unable to complete 10 samples in 10.0s. You may wish to increase target time to 13.6s.
Benchmarking ycsb/latency_p99/F/worktable: Collecting 10 samples in estimated 13.591 s (10 iterations)
Benchmarking ycsb/latency_p99/F/worktable: Analyzing
ycsb/latency_p99/F/worktable
                        time:   [5.6658 µs 8.2635 µs 12.035 µs]
Found 2 outliers among 10 measurements (20.00%)
  1 (10.00%) high mild
  1 (10.00%) high severe
Benchmarking ycsb/latency_p99/F/worktable-congee
Benchmarking ycsb/latency_p99/F/worktable-congee: Warming up for 300.00 ms

Warning: Unable to complete 10 samples in 10.0s. You may wish to increase target time to 12.5s.
Benchmarking ycsb/latency_p99/F/worktable-congee: Collecting 10 samples in estimated 12.455 s (10 iterations)
Benchmarking ycsb/latency_p99/F/worktable-congee: Analyzing
ycsb/latency_p99/F/worktable-congee
                        time:   [4.8752 µs 6.5125 µs 8.4232 µs]
Benchmarking ycsb/latency_p99/F/worktable-arctic
Benchmarking ycsb/latency_p99/F/worktable-arctic: Warming up for 300.00 ms

Warning: Unable to complete 10 samples in 10.0s. You may wish to increase target time to 12.5s.
Benchmarking ycsb/latency_p99/F/worktable-arctic: Collecting 10 samples in estimated 12.543 s (10 iterations)
Benchmarking ycsb/latency_p99/F/worktable-arctic: Analyzing
ycsb/latency_p99/F/worktable-arctic
                        time:   [4.2340 µs 4.7426 µs 5.2465 µs]

