   Compiling proc-macro2 v1.0.107
   Compiling unicode-ident v1.0.24
   Compiling quote v1.0.47
   Compiling libc v0.2.189
   Compiling cfg-if v1.0.4
   Compiling serde_core v1.0.229
   Compiling crossbeam-utils v0.8.22
   Compiling shlex v2.0.1
   Compiling find-msvc-tools v0.1.9
   Compiling serde v1.0.229
   Compiling zerocopy v0.8.55
   Compiling memchr v2.8.3
   Compiling crossbeam-epoch v0.9.20
   Compiling parking_lot_core v0.9.12
   Compiling smallvec v1.15.2
   Compiling getrandom v0.4.3
   Compiling scopeguard v1.2.0
   Compiling siphasher v1.0.3
   Compiling rand_core v0.6.4
   Compiling pin-project-lite v0.2.17
   Compiling autocfg v1.5.1
   Compiling once_cell v1.21.4
   Compiling itoa v1.0.18
   Compiling syn v1.0.109
   Compiling version_check v0.9.5
   Compiling ident_case v1.0.1
   Compiling zmij v1.0.23
   Compiling strsim v0.11.1
   Compiling foldhash v0.2.0
   Compiling serde_json v1.0.151
   Compiling unicode-segmentation v1.13.3
   Compiling unicode-xid v0.2.6
   Compiling simdutf8 v0.1.5
   Compiling futures-sink v0.3.33
   Compiling portable-atomic v1.14.0
   Compiling thiserror v1.0.69
   Compiling fastrand v2.5.0
   Compiling futures-core v0.3.33
   Compiling bytes v1.12.1
   Compiling futures-io v0.3.33
   Compiling rkyv v0.7.46
   Compiling eyre v0.6.12
   Compiling slab v0.4.12
   Compiling futures-task v0.3.33
   Compiling vcpkg v0.2.15
   Compiling heck v0.5.0
   Compiling pkg-config v0.3.33
   Compiling seahash v4.1.0
   Compiling rustix v1.1.4
   Compiling equivalent v1.0.2
   Compiling indenter v0.3.4
   Compiling ryu v1.0.23
   Compiling hashbrown v0.17.1
   Compiling crc32fast v1.5.0
   Compiling arbitrary-int v2.1.1
   Compiling unicode-width v0.1.14
   Compiling lazy_static v1.5.0
   Compiling redb v4.1.0
   Compiling byteorder v1.5.0
   Compiling encode_unicode v1.0.0
   Compiling cc v1.4.0
   Compiling phf_shared v0.11.3
   Compiling rand v0.8.7
   Compiling lock_api v0.4.14
   Compiling futures-channel v0.3.33
   Compiling heed-traits v0.20.0
   Compiling fearless_simd v0.6.0
   Compiling linux-raw-sys v0.12.1
   Compiling hashbrown v0.14.5
   Compiling log v0.4.33
   Compiling tracing-core v0.1.36
   Compiling fallible-iterator v0.3.0
   Compiling rustc-hash v2.1.3
   Compiling fallible-streaming-iterator v0.1.9
   Compiling crossbeam-deque v0.8.7
   Compiling rayon-core v1.13.0
   Compiling either v1.17.0
   Compiling plotters-backend v0.3.7
   Compiling regex-syntax v0.8.11
   Compiling ahash v0.7.8
   Compiling ciborium-io v0.2.2
   Compiling clap_lex v1.1.0
   Compiling anstyle v1.0.14
   Compiling cast v0.3.0
   Compiling same-file v1.0.6
   Compiling oorandom v11.1.5
   Compiling anes v0.1.6
   Compiling num-traits v0.2.19
   Compiling convert_case v0.10.0
   Compiling convert_case v0.6.0
   Compiling walkdir v2.5.0
   Compiling itertools v0.13.0
   Compiling plotters-svg v0.3.7
   Compiling csv-core v0.1.13
   Compiling clap_builder v4.6.5
   Compiling phf_generator v0.11.3
   Compiling indexmap v2.14.0
   Compiling crossbeam-queue v0.3.13
   Compiling synchronoise v1.0.1
   Compiling syn v2.0.119
   Compiling syn v3.0.3
   Compiling crossbeam-skiplist v0.1.3
   Compiling congee-wt v0.4.1
   Compiling hashlink v0.12.1
   Compiling ordered-float v5.3.0
   Compiling plotters v0.3.7
   Compiling libsqlite3-sys v0.38.1
   Compiling alloca v0.4.0
   Compiling getrandom v0.2.17
   Compiling errno v0.3.14
   Compiling socket2 v0.6.5
   Compiling dirs-sys-next v0.1.2
   Compiling mio v1.2.2
   Compiling seize v0.5.1
   Compiling page_size v0.6.0
   Compiling is-terminal v0.4.17
   Compiling signal-hook-registry v1.4.8
   Compiling uuid v1.24.0
   Compiling dirs-next v2.0.0
   Compiling term v0.7.0
   Compiling parking_lot v0.12.5
   Compiling dashmap v6.2.1
   Compiling hashbrown v0.12.3
   Compiling rayon v1.12.0
   Compiling regex-automata v0.4.18
   Compiling criterion-plot v0.8.2
   Compiling clap v4.6.5
   Compiling bitflags v2.13.1
   Compiling csv v1.4.0
   Compiling prettytable-rs v0.10.0
   Compiling ptr_meta_derive v0.1.4
   Compiling rkyv_derive v0.7.46
   Compiling ptr_meta v0.1.4
   Compiling regex v1.13.1
   Compiling serde_derive v1.0.229
   Compiling tokio-macros v2.7.2
   Compiling async-trait v0.1.91
   Compiling darling_core v0.23.0
   Compiling tokio v1.53.1
   Compiling zerocopy-derive v0.8.55
   Compiling ptr_meta_derive v0.3.1
   Compiling phf_macros v0.11.3
   Compiling bytecheck_derive v0.8.2
   Compiling munge_macro v0.4.7
   Compiling thiserror-impl v1.0.69
   Compiling rkyv_derive v0.8.17
   Compiling futures-macro v0.3.33
   Compiling derive_more-impl v1.0.0
   Compiling derive_more-impl v2.1.1
   Compiling tracing-attributes v0.1.31
   Compiling data_bucket_derive v0.3.17
   Compiling smart-default v0.7.1
   Compiling ptr_meta v0.3.1
   Compiling rancor v0.1.2
   Compiling munge v0.4.7
   Compiling phf v0.11.3
   Compiling tempfile v3.27.0
   Compiling bytecheck v0.8.2
   Compiling doxygen-rs v0.4.2
   Compiling futures-util v0.3.33
   Compiling rend v0.5.4
   Compiling lmdb-master-sys v0.2.6
   Compiling tracing v0.1.44
   Compiling darling_macro v0.23.0
   Compiling darling v0.23.0
   Compiling ribbit-derive v0.1.0
   Compiling derive_more v1.0.0
   Compiling worktable_codegen v1.0.0-beta.5 (/home/ubuntu/bench/WorkTable/codegen)
   Compiling ftree v1.3.0
   Compiling bincode v1.3.3
   Compiling tinytemplate v1.2.1
   Compiling WorkTablesIndex v0.0.5
   Compiling indexset v0.15.0
   Compiling derive_more v2.1.1
   Compiling heed-types v0.20.1
   Compiling ribbit v0.2.1
   Compiling arctic-wt v0.1.4
   Compiling futures-executor v0.3.33
   Compiling futures v0.3.33
   Compiling rkyv v0.8.17
   Compiling ppv-lite86 v0.2.21
   Compiling half v2.7.1
   Compiling heed v0.20.5
   Compiling ciborium-ll v0.2.2
   Compiling rand_chacha v0.3.1
   Compiling ciborium v0.2.2
   Compiling criterion v0.8.2
   Compiling psc-nanoid v3.1.1
   Compiling data_bucket v0.5.2
   Compiling worktable v1.0.0-beta.5 (/home/ubuntu/bench/WorkTable)
   Compiling rusqlite v0.40.1
   Compiling wt-benchmarks v0.1.0 (/home/ubuntu/bench/wt-benchmarks)
warning: unused `Result` that must be used
   --> src/kv_json.rs:193:17
    |
193 |                 w.set_durability(Durability::None);
    |                 ^^^^^^^^^^^^^^^^^^^^^^^^^^^^^^^^^^
    |
    = note: this `Result` may be an `Err` variant, which should be handled
    = note: `#[warn(unused_must_use)]` (part of `#[warn(unused)]`) on by default
help: use `let _ = ...` to ignore the resulting value
    |
193 |                 let _ = w.set_durability(Durability::None);
    |                 +++++++

warning: unused `Result` that must be used
   --> src/kv_json.rs:204:13
    |
204 |             w.set_durability(Durability::None);
    |             ^^^^^^^^^^^^^^^^^^^^^^^^^^^^^^^^^^
    |
    = note: this `Result` may be an `Err` variant, which should be handled
help: use `let _ = ...` to ignore the resulting value
    |
204 |             let _ = w.set_durability(Durability::None);
    |             +++++++

warning: unused `Result` that must be used
   --> src/kv_json.rs:218:13
    |
218 |             w.set_durability(Durability::None);
    |             ^^^^^^^^^^^^^^^^^^^^^^^^^^^^^^^^^^
    |
    = note: this `Result` may be an `Err` variant, which should be handled
help: use `let _ = ...` to ignore the resulting value
    |
218 |             let _ = w.set_durability(Durability::None);
    |             +++++++

warning: unused `Result` that must be used
   --> src/kv_json.rs:240:17
    |
240 |                 w.set_durability(Durability::None);
    |                 ^^^^^^^^^^^^^^^^^^^^^^^^^^^^^^^^^^
    |
    = note: this `Result` may be an `Err` variant, which should be handled
help: use `let _ = ...` to ignore the resulting value
    |
240 |                 let _ = w.set_durability(Durability::None);
    |                 +++++++

warning: `wt-benchmarks` (lib) generated 4 warnings
    Finished `bench` profile [optimized + debuginfo] target(s) in 1m 51s
     Running benches/kv.rs (target/release/deps/kv-c57ce882c9e91575)
Gnuplot not found, using plotters backend
Benchmarking kv/insert/worktable
Benchmarking kv/insert/worktable: Warming up for 300.00 ms
Benchmarking kv/insert/worktable: Collecting 10 samples in estimated 5.0920 s (385 iterations)
Benchmarking kv/insert/worktable: Analyzing
kv/insert/worktable     time:   [11.993 ms 12.003 ms 12.017 ms]
                        thrpt:  [832.19 Kelem/s 833.12 Kelem/s 833.79 Kelem/s]
Found 2 outliers among 10 measurements (20.00%)
  1 (10.00%) high mild
  1 (10.00%) high severe
Benchmarking kv/insert/worktable-congee
Benchmarking kv/insert/worktable-congee: Warming up for 300.00 ms
Benchmarking kv/insert/worktable-congee: Collecting 10 samples in estimated 5.3055 s (440 iterations)
Benchmarking kv/insert/worktable-congee: Analyzing
kv/insert/worktable-congee
                        time:   [10.185 ms 10.191 ms 10.201 ms]
                        thrpt:  [980.28 Kelem/s 981.22 Kelem/s 981.86 Kelem/s]
Benchmarking kv/insert/worktable-arctic
Benchmarking kv/insert/worktable-arctic: Warming up for 300.00 ms
Benchmarking kv/insert/worktable-arctic: Collecting 10 samples in estimated 5.2292 s (440 iterations)
Benchmarking kv/insert/worktable-arctic: Analyzing
kv/insert/worktable-arctic
                        time:   [10.200 ms 10.205 ms 10.215 ms]
                        thrpt:  [978.95 Kelem/s 979.88 Kelem/s 980.43 Kelem/s]
Found 1 outliers among 10 measurements (10.00%)
  1 (10.00%) high mild
Benchmarking kv/insert/sqlite
Benchmarking kv/insert/sqlite: Warming up for 300.00 ms
Benchmarking kv/insert/sqlite: Collecting 10 samples in estimated 5.3105 s (715 iterations)
Benchmarking kv/insert/sqlite: Analyzing
kv/insert/sqlite        time:   [7.3689 ms 7.3747 ms 7.3798 ms]
                        thrpt:  [1.3551 Melem/s 1.3560 Melem/s 1.3571 Melem/s]
Found 1 outliers among 10 measurements (10.00%)
  1 (10.00%) high mild
Benchmarking kv/insert/redb
Benchmarking kv/insert/redb: Warming up for 300.00 ms
Benchmarking kv/insert/redb: Collecting 10 samples in estimated 7.1763 s (165 iterations)
Benchmarking kv/insert/redb: Analyzing
kv/insert/redb          time:   [5.3444 ms 5.3916 ms 5.5132 ms]
                        thrpt:  [1.8138 Melem/s 1.8547 Melem/s 1.8711 Melem/s]
Benchmarking kv/insert/lmdb
Benchmarking kv/insert/lmdb: Warming up for 300.00 ms
Benchmarking kv/insert/lmdb: Collecting 10 samples in estimated 5.1197 s (2145 iterations)
Benchmarking kv/insert/lmdb: Analyzing
kv/insert/lmdb          time:   [2.3975 ms 2.3997 ms 2.4008 ms]
                        thrpt:  [4.1653 Melem/s 4.1673 Melem/s 4.1711 Melem/s]
Found 1 outliers among 10 measurements (10.00%)
  1 (10.00%) low mild

Benchmarking kv/point_read/worktable
Benchmarking kv/point_read/worktable: Warming up for 300.00 ms
Benchmarking kv/point_read/worktable: Collecting 10 samples in estimated 5.0055 s (2090 iterations)
Benchmarking kv/point_read/worktable: Analyzing
kv/point_read/worktable time:   [2.3586 ms 2.3593 ms 2.3601 ms]
                        thrpt:  [4.2372 Melem/s 4.2386 Melem/s 4.2398 Melem/s]
Benchmarking kv/point_read/worktable-congee
Benchmarking kv/point_read/worktable-congee: Warming up for 300.00 ms
Benchmarking kv/point_read/worktable-congee: Collecting 10 samples in estimated 5.0524 s (3245 iterations)
Benchmarking kv/point_read/worktable-congee: Analyzing
kv/point_read/worktable-congee
                        time:   [1.5187 ms 1.5207 ms 1.5253 ms]
                        thrpt:  [6.5562 Melem/s 6.5758 Melem/s 6.5845 Melem/s]
Benchmarking kv/point_read/worktable-arctic
Benchmarking kv/point_read/worktable-arctic: Warming up for 300.00 ms
Benchmarking kv/point_read/worktable-arctic: Collecting 10 samples in estimated 5.0158 s (3520 iterations)
Benchmarking kv/point_read/worktable-arctic: Analyzing
kv/point_read/worktable-arctic
                        time:   [1.4190 ms 1.4196 ms 1.4206 ms]
                        thrpt:  [7.0394 Melem/s 7.0444 Melem/s 7.0473 Melem/s]
Found 1 outliers among 10 measurements (10.00%)
  1 (10.00%) high mild
Benchmarking kv/point_read/sqlite
Benchmarking kv/point_read/sqlite: Warming up for 300.00 ms
Benchmarking kv/point_read/sqlite: Collecting 10 samples in estimated 5.0042 s (1265 iterations)
Benchmarking kv/point_read/sqlite: Analyzing
kv/point_read/sqlite    time:   [3.9484 ms 3.9497 ms 3.9512 ms]
                        thrpt:  [2.5309 Melem/s 2.5318 Melem/s 2.5327 Melem/s]
Benchmarking kv/point_read/redb
Benchmarking kv/point_read/redb: Warming up for 300.00 ms
Benchmarking kv/point_read/redb: Collecting 10 samples in estimated 5.0542 s (2145 iterations)
Benchmarking kv/point_read/redb: Analyzing
kv/point_read/redb      time:   [2.3570 ms 2.3577 ms 2.3583 ms]
                        thrpt:  [4.2404 Melem/s 4.2414 Melem/s 4.2427 Melem/s]
Benchmarking kv/point_read/lmdb
Benchmarking kv/point_read/lmdb: Warming up for 300.00 ms
Benchmarking kv/point_read/lmdb: Collecting 10 samples in estimated 5.0060 s (2200 iterations)
Benchmarking kv/point_read/lmdb: Analyzing
kv/point_read/lmdb      time:   [2.2757 ms 2.2761 ms 2.2766 ms]
                        thrpt:  [4.3925 Melem/s 4.3935 Melem/s 4.3942 Melem/s]
Found 1 outliers among 10 measurements (10.00%)
  1 (10.00%) high mild

Benchmarking kv/overwrite/worktable
Benchmarking kv/overwrite/worktable: Warming up for 300.00 ms
Benchmarking kv/overwrite/worktable: Collecting 10 samples in estimated 5.2623 s (330 iterations)
Benchmarking kv/overwrite/worktable: Analyzing
kv/overwrite/worktable  time:   [15.856 ms 15.863 ms 15.870 ms]
                        thrpt:  [630.11 Kelem/s 630.39 Kelem/s 630.66 Kelem/s]
Benchmarking kv/overwrite/worktable-congee
Benchmarking kv/overwrite/worktable-congee: Warming up for 300.00 ms
Benchmarking kv/overwrite/worktable-congee: Collecting 10 samples in estimated 5.3122 s (385 iterations)
Benchmarking kv/overwrite/worktable-congee: Analyzing
kv/overwrite/worktable-congee
                        time:   [13.782 ms 13.785 ms 13.789 ms]
                        thrpt:  [725.22 Kelem/s 725.42 Kelem/s 725.57 Kelem/s]
Found 1 outliers among 10 measurements (10.00%)
  1 (10.00%) high severe
Benchmarking kv/overwrite/worktable-arctic
Benchmarking kv/overwrite/worktable-arctic: Warming up for 300.00 ms
Benchmarking kv/overwrite/worktable-arctic: Collecting 10 samples in estimated 5.1733 s (385 iterations)
Benchmarking kv/overwrite/worktable-arctic: Analyzing
kv/overwrite/worktable-arctic
                        time:   [13.440 ms 13.448 ms 13.454 ms]
                        thrpt:  [743.27 Kelem/s 743.63 Kelem/s 744.07 Kelem/s]
Found 1 outliers among 10 measurements (10.00%)
  1 (10.00%) high mild
Benchmarking kv/overwrite/sqlite
Benchmarking kv/overwrite/sqlite: Warming up for 300.00 ms
Benchmarking kv/overwrite/sqlite: Collecting 10 samples in estimated 5.0552 s (935 iterations)
Benchmarking kv/overwrite/sqlite: Analyzing
kv/overwrite/sqlite     time:   [5.3687 ms 5.3698 ms 5.3712 ms]
                        thrpt:  [1.8618 Melem/s 1.8623 Melem/s 1.8626 Melem/s]
Benchmarking kv/overwrite/redb
Benchmarking kv/overwrite/redb: Warming up for 300.00 ms
Benchmarking kv/overwrite/redb: Collecting 10 samples in estimated 5.0114 s (935 iterations)
Benchmarking kv/overwrite/redb: Analyzing
kv/overwrite/redb       time:   [5.3103 ms 5.3111 ms 5.3129 ms]
                        thrpt:  [1.8822 Melem/s 1.8828 Melem/s 1.8831 Melem/s]
Benchmarking kv/overwrite/lmdb
Benchmarking kv/overwrite/lmdb: Warming up for 300.00 ms
Benchmarking kv/overwrite/lmdb: Collecting 10 samples in estimated 5.0107 s (1540 iterations)
Benchmarking kv/overwrite/lmdb: Analyzing
kv/overwrite/lmdb       time:   [3.2500 ms 3.2510 ms 3.2525 ms]
                        thrpt:  [3.0746 Melem/s 3.0760 Melem/s 3.0770 Melem/s]
Found 1 outliers among 10 measurements (10.00%)
  1 (10.00%) high mild

Benchmarking kv/range_scan/worktable
Benchmarking kv/range_scan/worktable: Warming up for 300.00 ms
Benchmarking kv/range_scan/worktable: Collecting 10 samples in estimated 5.0989 s (2035 iterations)
Benchmarking kv/range_scan/worktable: Analyzing
kv/range_scan/worktable time:   [2.5007 ms 2.5014 ms 2.5028 ms]
                        thrpt:  [7.9912 Melem/s 7.9957 Melem/s 7.9977 Melem/s]
Found 1 outliers among 10 measurements (10.00%)
  1 (10.00%) high severe
Benchmarking kv/range_scan/worktable-congee
Benchmarking kv/range_scan/worktable-congee: Warming up for 300.00 ms
Benchmarking kv/range_scan/worktable-congee: Collecting 10 samples in estimated 5.0716 s (1815 iterations)
Benchmarking kv/range_scan/worktable-congee: Analyzing
kv/range_scan/worktable-congee
                        time:   [2.7940 ms 2.7945 ms 2.7954 ms]
                        thrpt:  [7.1546 Melem/s 7.1569 Melem/s 7.1583 Melem/s]
Found 3 outliers among 10 measurements (30.00%)
  1 (10.00%) low mild
  2 (20.00%) high mild
Benchmarking kv/range_scan/worktable-arctic
Benchmarking kv/range_scan/worktable-arctic: Warming up for 300.00 ms
Benchmarking kv/range_scan/worktable-arctic: Collecting 10 samples in estimated 5.1406 s (1925 iterations)
Benchmarking kv/range_scan/worktable-arctic: Analyzing
kv/range_scan/worktable-arctic
                        time:   [2.6723 ms 2.6728 ms 2.6733 ms]
                        thrpt:  [7.4813 Melem/s 7.4829 Melem/s 7.4841 Melem/s]
Found 1 outliers among 10 measurements (10.00%)
  1 (10.00%) low mild
Benchmarking kv/range_scan/redb
Benchmarking kv/range_scan/redb: Warming up for 300.00 ms
Benchmarking kv/range_scan/redb: Collecting 10 samples in estimated 5.0355 s (2035 iterations)
Benchmarking kv/range_scan/redb: Analyzing
kv/range_scan/redb      time:   [2.4912 ms 2.4916 ms 2.4921 ms]
                        thrpt:  [8.0253 Melem/s 8.0271 Melem/s 8.0284 Melem/s]
Found 2 outliers among 10 measurements (20.00%)
  1 (10.00%) low severe
  1 (10.00%) high mild
Benchmarking kv/range_scan/lmdb
Benchmarking kv/range_scan/lmdb: Warming up for 300.00 ms
Benchmarking kv/range_scan/lmdb: Collecting 10 samples in estimated 5.0115 s (5500 iterations)
Benchmarking kv/range_scan/lmdb: Analyzing
kv/range_scan/lmdb      time:   [905.38 µs 905.58 µs 905.93 µs]
                        thrpt:  [22.077 Melem/s 22.085 Melem/s 22.090 Melem/s]
Found 1 outliers among 10 measurements (10.00%)
  1 (10.00%) high mild
Benchmarking kv/range_scan/sqlite
Benchmarking kv/range_scan/sqlite: Warming up for 300.00 ms
Benchmarking kv/range_scan/sqlite: Collecting 10 samples in estimated 5.0602 s (1815 iterations)
Benchmarking kv/range_scan/sqlite: Analyzing
kv/range_scan/sqlite    time:   [2.7408 ms 2.7416 ms 2.7425 ms]
                        thrpt:  [7.2925 Melem/s 7.2950 Melem/s 7.2972 Melem/s]

warning: unused `Result` that must be used
   --> src/kv_json.rs:193:17
    |
193 |                 w.set_durability(Durability::None);
    |                 ^^^^^^^^^^^^^^^^^^^^^^^^^^^^^^^^^^
    |
    = note: this `Result` may be an `Err` variant, which should be handled
    = note: `#[warn(unused_must_use)]` (part of `#[warn(unused)]`) on by default
help: use `let _ = ...` to ignore the resulting value
    |
193 |                 let _ = w.set_durability(Durability::None);
    |                 +++++++

warning: unused `Result` that must be used
   --> src/kv_json.rs:204:13
    |
204 |             w.set_durability(Durability::None);
    |             ^^^^^^^^^^^^^^^^^^^^^^^^^^^^^^^^^^
    |
    = note: this `Result` may be an `Err` variant, which should be handled
help: use `let _ = ...` to ignore the resulting value
    |
204 |             let _ = w.set_durability(Durability::None);
    |             +++++++

warning: unused `Result` that must be used
   --> src/kv_json.rs:218:13
    |
218 |             w.set_durability(Durability::None);
    |             ^^^^^^^^^^^^^^^^^^^^^^^^^^^^^^^^^^
    |
    = note: this `Result` may be an `Err` variant, which should be handled
help: use `let _ = ...` to ignore the resulting value
    |
218 |             let _ = w.set_durability(Durability::None);
    |             +++++++

warning: unused `Result` that must be used
   --> src/kv_json.rs:240:17
    |
240 |                 w.set_durability(Durability::None);
    |                 ^^^^^^^^^^^^^^^^^^^^^^^^^^^^^^^^^^
    |
    = note: this `Result` may be an `Err` variant, which should be handled
help: use `let _ = ...` to ignore the resulting value
    |
240 |                 let _ = w.set_durability(Durability::None);
    |                 +++++++

warning: `wt-benchmarks` (lib) generated 4 warnings
   Compiling wt-benchmarks v0.1.0 (/home/ubuntu/bench/wt-benchmarks)
    Finished `bench` profile [optimized + debuginfo] target(s) in 34.56s
     Running benches/kv_json.rs (target/release/deps/kv_json-a79f028ae503841b)
Gnuplot not found, using plotters backend
Benchmarking kv_json/insert/worktable
Benchmarking kv_json/insert/worktable: Warming up for 300.00 ms
Benchmarking kv_json/insert/worktable: Collecting 10 samples in estimated 5.3618 s (385 iterations)
Benchmarking kv_json/insert/worktable: Analyzing
kv_json/insert/worktable
                        time:   [12.523 ms 12.536 ms 12.556 ms]
                        thrpt:  [796.43 Kelem/s 797.70 Kelem/s 798.55 Kelem/s]
Benchmarking kv_json/insert/worktable-congee
Benchmarking kv_json/insert/worktable-congee: Warming up for 300.00 ms
Benchmarking kv_json/insert/worktable-congee: Collecting 10 samples in estimated 5.6474 s (440 iterations)
Benchmarking kv_json/insert/worktable-congee: Analyzing
kv_json/insert/worktable-congee
                        time:   [10.765 ms 10.770 ms 10.776 ms]
                        thrpt:  [928.03 Kelem/s 928.53 Kelem/s 928.92 Kelem/s]
Found 2 outliers among 10 measurements (20.00%)
  2 (20.00%) high mild
Benchmarking kv_json/insert/worktable-arctic
Benchmarking kv_json/insert/worktable-arctic: Warming up for 300.00 ms
Benchmarking kv_json/insert/worktable-arctic: Collecting 10 samples in estimated 5.5524 s (440 iterations)
Benchmarking kv_json/insert/worktable-arctic: Analyzing
kv_json/insert/worktable-arctic
                        time:   [10.718 ms 10.729 ms 10.747 ms]
                        thrpt:  [930.52 Kelem/s 932.03 Kelem/s 933.02 Kelem/s]
Found 2 outliers among 10 measurements (20.00%)
  1 (10.00%) low mild
  1 (10.00%) high mild
Benchmarking kv_json/insert/redb-json
Benchmarking kv_json/insert/redb-json: Warming up for 300.00 ms

Warning: Unable to complete 10 samples in 5.0s. You may wish to increase target time to 9.5s or enable flat sampling.
Benchmarking kv_json/insert/redb-json: Collecting 10 samples in estimated 9.4981 s (55 iterations)
Benchmarking kv_json/insert/redb-json: Analyzing
kv_json/insert/redb-json
                        time:   [172.74 ms 173.01 ms 173.45 ms]
                        thrpt:  [57.652 Kelem/s 57.799 Kelem/s 57.890 Kelem/s]
Found 1 outliers among 10 measurements (10.00%)
  1 (10.00%) high mild
Benchmarking kv_json/insert/lmdb-json
Benchmarking kv_json/insert/lmdb-json: Warming up for 300.00 ms
Benchmarking kv_json/insert/lmdb-json: Collecting 10 samples in estimated 5.9497 s (275 iterations)
Benchmarking kv_json/insert/lmdb-json: Analyzing
kv_json/insert/lmdb-json
                        time:   [21.574 ms 21.604 ms 21.639 ms]
                        thrpt:  [462.12 Kelem/s 462.89 Kelem/s 463.52 Kelem/s]

Benchmarking kv_json/point_get/worktable
Benchmarking kv_json/point_get/worktable: Warming up for 300.00 ms
Benchmarking kv_json/point_get/worktable: Collecting 10 samples in estimated 5.0629 s (2530 iterations)
Benchmarking kv_json/point_get/worktable: Analyzing
kv_json/point_get/worktable
                        time:   [1.9988 ms 1.9995 ms 2.0003 ms]
                        thrpt:  [4.9993 Melem/s 5.0012 Melem/s 5.0030 Melem/s]
Found 2 outliers among 10 measurements (20.00%)
  1 (10.00%) low severe
  1 (10.00%) high mild
Benchmarking kv_json/point_get/worktable-congee
Benchmarking kv_json/point_get/worktable-congee: Warming up for 300.00 ms
Benchmarking kv_json/point_get/worktable-congee: Collecting 10 samples in estimated 5.0700 s (3960 iterations)
Benchmarking kv_json/point_get/worktable-congee: Analyzing
kv_json/point_get/worktable-congee
                        time:   [1.2413 ms 1.2420 ms 1.2430 ms]
                        thrpt:  [8.0452 Melem/s 8.0517 Melem/s 8.0559 Melem/s]
Found 1 outliers among 10 measurements (10.00%)
  1 (10.00%) high mild
Benchmarking kv_json/point_get/worktable-arctic
Benchmarking kv_json/point_get/worktable-arctic: Warming up for 300.00 ms
Benchmarking kv_json/point_get/worktable-arctic: Collecting 10 samples in estimated 5.0550 s (4675 iterations)
Benchmarking kv_json/point_get/worktable-arctic: Analyzing
kv_json/point_get/worktable-arctic
                        time:   [1.0585 ms 1.0609 ms 1.0668 ms]
                        thrpt:  [9.3738 Melem/s 9.4262 Melem/s 9.4474 Melem/s]
Benchmarking kv_json/point_get/redb-json
Benchmarking kv_json/point_get/redb-json: Warming up for 300.00 ms
Benchmarking kv_json/point_get/redb-json: Collecting 10 samples in estimated 5.0564 s (1375 iterations)
Benchmarking kv_json/point_get/redb-json: Analyzing
kv_json/point_get/redb-json
                        time:   [3.6808 ms 3.6817 ms 3.6823 ms]
                        thrpt:  [2.7157 Melem/s 2.7161 Melem/s 2.7168 Melem/s]
Found 1 outliers among 10 measurements (10.00%)
  1 (10.00%) low severe
Benchmarking kv_json/point_get/lmdb-json
Benchmarking kv_json/point_get/lmdb-json: Warming up for 300.00 ms
Benchmarking kv_json/point_get/lmdb-json: Collecting 10 samples in estimated 5.1764 s (1375 iterations)
Benchmarking kv_json/point_get/lmdb-json: Analyzing
kv_json/point_get/lmdb-json
                        time:   [3.7637 ms 3.7652 ms 3.7665 ms]
                        thrpt:  [2.6550 Melem/s 2.6559 Melem/s 2.6569 Melem/s]
Found 2 outliers among 10 measurements (20.00%)
  1 (10.00%) low mild
  1 (10.00%) high severe

Benchmarking kv_json/update_field/worktable
Benchmarking kv_json/update_field/worktable: Warming up for 300.00 ms
Benchmarking kv_json/update_field/worktable: Collecting 10 samples in estimated 5.6953 s (110 iterations)
Benchmarking kv_json/update_field/worktable: Analyzing
kv_json/update_field/worktable
                        time:   [52.170 ms 52.200 ms 52.237 ms]
                        thrpt:  [191.44 Kelem/s 191.57 Kelem/s 191.68 Kelem/s]
Found 2 outliers among 10 measurements (20.00%)
  1 (10.00%) low mild
  1 (10.00%) high severe
Benchmarking kv_json/update_field/worktable-congee
Benchmarking kv_json/update_field/worktable-congee: Warming up for 300.00 ms
Benchmarking kv_json/update_field/worktable-congee: Collecting 10 samples in estimated 5.4811 s (110 iterations)
Benchmarking kv_json/update_field/worktable-congee: Analyzing
kv_json/update_field/worktable-congee
                        time:   [50.421 ms 50.473 ms 50.494 ms]
                        thrpt:  [198.04 Kelem/s 198.12 Kelem/s 198.33 Kelem/s]
Found 1 outliers among 10 measurements (10.00%)
  1 (10.00%) high mild
Benchmarking kv_json/update_field/worktable-arctic
Benchmarking kv_json/update_field/worktable-arctic: Warming up for 300.00 ms
Benchmarking kv_json/update_field/worktable-arctic: Collecting 10 samples in estimated 5.4257 s (110 iterations)
Benchmarking kv_json/update_field/worktable-arctic: Analyzing
kv_json/update_field/worktable-arctic
                        time:   [49.862 ms 49.894 ms 49.935 ms]
                        thrpt:  [200.26 Kelem/s 200.42 Kelem/s 200.55 Kelem/s]
Found 1 outliers among 10 measurements (10.00%)
  1 (10.00%) high severe
Benchmarking kv_json/update_field/redb-json
Benchmarking kv_json/update_field/redb-json: Warming up for 300.00 ms

Warning: Unable to complete 10 samples in 5.0s. You may wish to increase target time to 9.9s or enable flat sampling.
Benchmarking kv_json/update_field/redb-json: Collecting 10 samples in estimated 9.8785 s (55 iterations)
Benchmarking kv_json/update_field/redb-json: Analyzing
kv_json/update_field/redb-json
                        time:   [180.55 ms 181.14 ms 181.72 ms]
                        thrpt:  [55.029 Kelem/s 55.205 Kelem/s 55.387 Kelem/s]
Found 1 outliers among 10 measurements (10.00%)
  1 (10.00%) high mild
Benchmarking kv_json/update_field/lmdb-json
Benchmarking kv_json/update_field/lmdb-json: Warming up for 300.00 ms
Benchmarking kv_json/update_field/lmdb-json: Collecting 10 samples in estimated 5.6382 s (220 iterations)
Benchmarking kv_json/update_field/lmdb-json: Analyzing
kv_json/update_field/lmdb-json
                        time:   [25.602 ms 25.614 ms 25.619 ms]
                        thrpt:  [390.33 Kelem/s 390.42 Kelem/s 390.59 Kelem/s]

Benchmarking kv_json/query_field/worktable
Benchmarking kv_json/query_field/worktable: Warming up for 300.00 ms
Benchmarking kv_json/query_field/worktable: Collecting 10 samples in estimated 5.0677 s (3245 iterations)
Benchmarking kv_json/query_field/worktable: Analyzing
kv_json/query_field/worktable
                        time:   [1.5577 ms 1.5579 ms 1.5580 ms]
                        thrpt:  [6.4184 Melem/s 6.4190 Melem/s 6.4196 Melem/s]
Found 1 outliers among 10 measurements (10.00%)
  1 (10.00%) high mild
Benchmarking kv_json/query_field/worktable-congee
Benchmarking kv_json/query_field/worktable-congee: Warming up for 300.00 ms
Benchmarking kv_json/query_field/worktable-congee: Collecting 10 samples in estimated 5.0510 s (2805 iterations)
Benchmarking kv_json/query_field/worktable-congee: Analyzing
kv_json/query_field/worktable-congee
                        time:   [1.7982 ms 1.7984 ms 1.7986 ms]
                        thrpt:  [5.5598 Melem/s 5.5605 Melem/s 5.5612 Melem/s]
Found 1 outliers among 10 measurements (10.00%)
  1 (10.00%) high severe
Benchmarking kv_json/query_field/worktable-arctic
Benchmarking kv_json/query_field/worktable-arctic: Warming up for 300.00 ms
Benchmarking kv_json/query_field/worktable-arctic: Collecting 10 samples in estimated 5.0295 s (3300 iterations)
Benchmarking kv_json/query_field/worktable-arctic: Analyzing
kv_json/query_field/worktable-arctic
                        time:   [1.5242 ms 1.5245 ms 1.5249 ms]
                        thrpt:  [6.5579 Melem/s 6.5596 Melem/s 6.5607 Melem/s]
Benchmarking kv_json/query_field/redb-json
Benchmarking kv_json/query_field/redb-json: Warming up for 300.00 ms
Benchmarking kv_json/query_field/redb-json: Collecting 10 samples in estimated 5.1168 s (2255 iterations)
Benchmarking kv_json/query_field/redb-json: Analyzing
kv_json/query_field/redb-json
                        time:   [2.2767 ms 2.2770 ms 2.2772 ms]
                        thrpt:  [4.3914 Melem/s 4.3917 Melem/s 4.3922 Melem/s]
Found 1 outliers among 10 measurements (10.00%)
  1 (10.00%) low severe
Benchmarking kv_json/query_field/lmdb-json
Benchmarking kv_json/query_field/lmdb-json: Warming up for 300.00 ms
Benchmarking kv_json/query_field/lmdb-json: Collecting 10 samples in estimated 5.0295 s (2750 iterations)
Benchmarking kv_json/query_field/lmdb-json: Analyzing
kv_json/query_field/lmdb-json
                        time:   [1.8138 ms 1.8142 ms 1.8144 ms]
                        thrpt:  [5.5115 Melem/s 5.5122 Melem/s 5.5132 Melem/s]
Found 1 outliers among 10 measurements (10.00%)
  1 (10.00%) low mild

   Compiling hashbrown v0.17.1
   Compiling rkyv v0.8.17
   Compiling psc-nanoid v3.1.1
   Compiling data_bucket v0.5.2
   Compiling worktable v1.0.0-beta.5 (/home/ubuntu/bench/WorkTable)
   Compiling wt-benchmarks v0.1.0 (/home/ubuntu/bench/wt-benchmarks)
    Finished `bench` profile [optimized + debuginfo] target(s) in 1m 02s
     Running benches/ycsb.rs (target/release/deps/ycsb-325743d88cdcbeba)
Gnuplot not found, using plotters backend
Benchmarking ycsb/throughput/A/worktable
Benchmarking ycsb/throughput/A/worktable: Warming up for 300.00 ms
Benchmarking ycsb/throughput/A/worktable: Collecting 10 samples in estimated 16.380 s (20 iterations)
Benchmarking ycsb/throughput/A/worktable: Analyzing
ycsb/throughput/A/worktable
                        time:   [507.15 ms 509.17 ms 511.58 ms]
                        thrpt:  [390.95 Kelem/s 392.79 Kelem/s 394.36 Kelem/s]
Found 1 outliers among 10 measurements (10.00%)
  1 (10.00%) high mild
Benchmarking ycsb/throughput/A/worktable-congee
Benchmarking ycsb/throughput/A/worktable-congee: Warming up for 300.00 ms
Benchmarking ycsb/throughput/A/worktable-congee: Collecting 10 samples in estimated 14.367 s (20 iterations)
Benchmarking ycsb/throughput/A/worktable-congee: Analyzing
ycsb/throughput/A/worktable-congee
                        time:   [475.93 ms 477.15 ms 478.64 ms]
                        thrpt:  [417.85 Kelem/s 419.16 Kelem/s 420.23 Kelem/s]
Benchmarking ycsb/throughput/A/worktable-arctic
Benchmarking ycsb/throughput/A/worktable-arctic: Warming up for 300.00 ms
Benchmarking ycsb/throughput/A/worktable-arctic: Collecting 10 samples in estimated 14.390 s (20 iterations)
Benchmarking ycsb/throughput/A/worktable-arctic: Analyzing
ycsb/throughput/A/worktable-arctic
                        time:   [466.14 ms 467.81 ms 469.95 ms]
                        thrpt:  [425.57 Kelem/s 427.52 Kelem/s 429.06 Kelem/s]
Found 1 outliers among 10 measurements (10.00%)
  1 (10.00%) high mild
Benchmarking ycsb/throughput/B/worktable
Benchmarking ycsb/throughput/B/worktable: Warming up for 300.00 ms

Warning: Unable to complete 10 samples in 10.0s. You may wish to increase target time to 19.6s or enable flat sampling.
Benchmarking ycsb/throughput/B/worktable: Collecting 10 samples in estimated 19.575 s (55 iterations)
Benchmarking ycsb/throughput/B/worktable: Analyzing
ycsb/throughput/B/worktable
                        time:   [118.19 ms 118.97 ms 119.75 ms]
                        thrpt:  [1.6702 Melem/s 1.6811 Melem/s 1.6922 Melem/s]
Benchmarking ycsb/throughput/B/worktable-congee
Benchmarking ycsb/throughput/B/worktable-congee: Warming up for 300.00 ms

Warning: Unable to complete 10 samples in 10.0s. You may wish to increase target time to 16.6s or enable flat sampling.
Benchmarking ycsb/throughput/B/worktable-congee: Collecting 10 samples in estimated 16.626 s (55 iterations)
Benchmarking ycsb/throughput/B/worktable-congee: Analyzing
ycsb/throughput/B/worktable-congee
                        time:   [96.674 ms 97.832 ms 98.815 ms]
                        thrpt:  [2.0240 Melem/s 2.0443 Melem/s 2.0688 Melem/s]
Found 2 outliers among 10 measurements (20.00%)
  2 (20.00%) low mild
Benchmarking ycsb/throughput/B/worktable-arctic
Benchmarking ycsb/throughput/B/worktable-arctic: Warming up for 300.00 ms

Warning: Unable to complete 10 samples in 10.0s. You may wish to increase target time to 16.7s or enable flat sampling.
Benchmarking ycsb/throughput/B/worktable-arctic: Collecting 10 samples in estimated 16.705 s (55 iterations)
Benchmarking ycsb/throughput/B/worktable-arctic: Analyzing
ycsb/throughput/B/worktable-arctic
                        time:   [97.153 ms 97.679 ms 98.211 ms]
                        thrpt:  [2.0364 Melem/s 2.0475 Melem/s 2.0586 Melem/s]
Benchmarking ycsb/throughput/C/worktable
Benchmarking ycsb/throughput/C/worktable: Warming up for 300.00 ms

Warning: Unable to complete 10 samples in 10.0s. You may wish to increase target time to 14.9s or enable flat sampling.
Benchmarking ycsb/throughput/C/worktable: Collecting 10 samples in estimated 14.944 s (55 iterations)
Benchmarking ycsb/throughput/C/worktable: Analyzing
ycsb/throughput/C/worktable
                        time:   [41.193 ms 41.457 ms 41.732 ms]
                        thrpt:  [4.7925 Melem/s 4.8243 Melem/s 4.8552 Melem/s]
Benchmarking ycsb/throughput/C/worktable-congee
Benchmarking ycsb/throughput/C/worktable-congee: Warming up for 300.00 ms

Warning: Unable to complete 10 samples in 10.0s. You may wish to increase target time to 12.8s or enable flat sampling.
Benchmarking ycsb/throughput/C/worktable-congee: Collecting 10 samples in estimated 12.842 s (55 iterations)
Benchmarking ycsb/throughput/C/worktable-congee: Analyzing
ycsb/throughput/C/worktable-congee
                        time:   [30.045 ms 30.434 ms 30.680 ms]
                        thrpt:  [6.5190 Melem/s 6.5717 Melem/s 6.6567 Melem/s]
Benchmarking ycsb/throughput/C/worktable-arctic
Benchmarking ycsb/throughput/C/worktable-arctic: Warming up for 300.00 ms

Warning: Unable to complete 10 samples in 10.0s. You may wish to increase target time to 12.8s or enable flat sampling.
Benchmarking ycsb/throughput/C/worktable-arctic: Collecting 10 samples in estimated 12.788 s (55 iterations)
Benchmarking ycsb/throughput/C/worktable-arctic: Analyzing
ycsb/throughput/C/worktable-arctic
                        time:   [30.201 ms 30.575 ms 30.856 ms]
                        thrpt:  [6.4816 Melem/s 6.5413 Melem/s 6.6223 Melem/s]
Benchmarking ycsb/throughput/F/worktable
Benchmarking ycsb/throughput/F/worktable: Warming up for 300.00 ms
Benchmarking ycsb/throughput/F/worktable: Collecting 10 samples in estimated 15.959 s (20 iterations)
Benchmarking ycsb/throughput/F/worktable: Analyzing
ycsb/throughput/F/worktable
                        time:   [528.40 ms 529.87 ms 531.22 ms]
                        thrpt:  [376.49 Kelem/s 377.45 Kelem/s 378.50 Kelem/s]
Benchmarking ycsb/throughput/F/worktable-congee
Benchmarking ycsb/throughput/F/worktable-congee: Warming up for 300.00 ms
Benchmarking ycsb/throughput/F/worktable-congee: Collecting 10 samples in estimated 14.369 s (20 iterations)
Benchmarking ycsb/throughput/F/worktable-congee: Analyzing
ycsb/throughput/F/worktable-congee
                        time:   [482.76 ms 484.51 ms 486.63 ms]
                        thrpt:  [410.99 Kelem/s 412.78 Kelem/s 414.28 Kelem/s]
Found 3 outliers among 10 measurements (30.00%)
  1 (10.00%) low mild
  1 (10.00%) high mild
  1 (10.00%) high severe
Benchmarking ycsb/throughput/F/worktable-arctic
Benchmarking ycsb/throughput/F/worktable-arctic: Warming up for 300.00 ms
Benchmarking ycsb/throughput/F/worktable-arctic: Collecting 10 samples in estimated 14.290 s (20 iterations)
Benchmarking ycsb/throughput/F/worktable-arctic: Analyzing
ycsb/throughput/F/worktable-arctic
                        time:   [478.36 ms 480.21 ms 482.11 ms]
                        thrpt:  [414.84 Kelem/s 416.48 Kelem/s 418.09 Kelem/s]

Benchmarking ycsb/latency_p99/A/worktable
Benchmarking ycsb/latency_p99/A/worktable: Warming up for 300.00 ms
Benchmarking ycsb/latency_p99/A/worktable: Collecting 10 samples in estimated 15.533 s (20 iterations)
Benchmarking ycsb/latency_p99/A/worktable: Analyzing
ycsb/latency_p99/A/worktable
                        time:   [4.0614 µs 5.7769 µs 7.8411 µs]
Found 2 outliers among 10 measurements (20.00%)
  2 (20.00%) high mild
Benchmarking ycsb/latency_p99/A/worktable-congee
Benchmarking ycsb/latency_p99/A/worktable-congee: Warming up for 300.00 ms
Benchmarking ycsb/latency_p99/A/worktable-congee: Collecting 10 samples in estimated 14.260 s (20 iterations)
Benchmarking ycsb/latency_p99/A/worktable-congee: Analyzing
ycsb/latency_p99/A/worktable-congee
                        time:   [2.9988 µs 4.3570 µs 6.2646 µs]
Found 1 outliers among 10 measurements (10.00%)
  1 (10.00%) high severe
Benchmarking ycsb/latency_p99/A/worktable-arctic
Benchmarking ycsb/latency_p99/A/worktable-arctic: Warming up for 300.00 ms
Benchmarking ycsb/latency_p99/A/worktable-arctic: Collecting 10 samples in estimated 14.093 s (20 iterations)
Benchmarking ycsb/latency_p99/A/worktable-arctic: Analyzing
ycsb/latency_p99/A/worktable-arctic
                        time:   [3.2994 µs 3.7945 µs 4.3697 µs]
Found 1 outliers among 10 measurements (10.00%)
  1 (10.00%) high mild
Benchmarking ycsb/latency_p99/B/worktable
Benchmarking ycsb/latency_p99/B/worktable: Warming up for 300.00 ms

Warning: Unable to complete 10 samples in 10.0s. You may wish to increase target time to 19.7s or enable flat sampling.
Benchmarking ycsb/latency_p99/B/worktable: Collecting 10 samples in estimated 19.729 s (55 iterations)
Benchmarking ycsb/latency_p99/B/worktable: Analyzing
ycsb/latency_p99/B/worktable
                        time:   [3.5956 µs 3.6399 µs 3.6811 µs]
Benchmarking ycsb/latency_p99/B/worktable-congee
Benchmarking ycsb/latency_p99/B/worktable-congee: Warming up for 300.00 ms

Warning: Unable to complete 10 samples in 10.0s. You may wish to increase target time to 17.3s or enable flat sampling.
Benchmarking ycsb/latency_p99/B/worktable-congee: Collecting 10 samples in estimated 17.313 s (55 iterations)
Benchmarking ycsb/latency_p99/B/worktable-congee: Analyzing
ycsb/latency_p99/B/worktable-congee
                        time:   [2.7177 µs 2.9243 µs 3.4238 µs]
Found 2 outliers among 10 measurements (20.00%)
  1 (10.00%) high mild
  1 (10.00%) high severe
Benchmarking ycsb/latency_p99/B/worktable-arctic
Benchmarking ycsb/latency_p99/B/worktable-arctic: Warming up for 300.00 ms

Warning: Unable to complete 10 samples in 10.0s. You may wish to increase target time to 17.0s or enable flat sampling.
Benchmarking ycsb/latency_p99/B/worktable-arctic: Collecting 10 samples in estimated 17.033 s (55 iterations)
Benchmarking ycsb/latency_p99/B/worktable-arctic: Analyzing
ycsb/latency_p99/B/worktable-arctic
                        time:   [2.7149 µs 2.9967 µs 3.5262 µs]
Found 2 outliers among 10 measurements (20.00%)
  2 (20.00%) high severe
Benchmarking ycsb/latency_p99/C/worktable
Benchmarking ycsb/latency_p99/C/worktable: Warming up for 300.00 ms

Warning: Unable to complete 10 samples in 10.0s. You may wish to increase target time to 14.7s or enable flat sampling.
Benchmarking ycsb/latency_p99/C/worktable: Collecting 10 samples in estimated 14.681 s (55 iterations)
Benchmarking ycsb/latency_p99/C/worktable: Analyzing
ycsb/latency_p99/C/worktable
                        time:   [4.1296 µs 4.2049 µs 4.2747 µs]
Benchmarking ycsb/latency_p99/C/worktable-congee
Benchmarking ycsb/latency_p99/C/worktable-congee: Warming up for 300.00 ms

Warning: Unable to complete 10 samples in 10.0s. You may wish to increase target time to 12.9s or enable flat sampling.
Benchmarking ycsb/latency_p99/C/worktable-congee: Collecting 10 samples in estimated 12.878 s (55 iterations)
Benchmarking ycsb/latency_p99/C/worktable-congee: Analyzing
ycsb/latency_p99/C/worktable-congee
                        time:   [3.0600 µs 3.4731 µs 4.1499 µs]
Found 3 outliers among 10 measurements (30.00%)
  2 (20.00%) low mild
  1 (10.00%) high severe
Benchmarking ycsb/latency_p99/C/worktable-arctic
Benchmarking ycsb/latency_p99/C/worktable-arctic: Warming up for 300.00 ms

Warning: Unable to complete 10 samples in 10.0s. You may wish to increase target time to 12.9s or enable flat sampling.
Benchmarking ycsb/latency_p99/C/worktable-arctic: Collecting 10 samples in estimated 12.856 s (55 iterations)
Benchmarking ycsb/latency_p99/C/worktable-arctic: Analyzing
ycsb/latency_p99/C/worktable-arctic
                        time:   [3.1289 µs 3.1722 µs 3.2166 µs]
Benchmarking ycsb/latency_p99/F/worktable
Benchmarking ycsb/latency_p99/F/worktable: Warming up for 300.00 ms
Benchmarking ycsb/latency_p99/F/worktable: Collecting 10 samples in estimated 15.868 s (20 iterations)
Benchmarking ycsb/latency_p99/F/worktable: Analyzing
ycsb/latency_p99/F/worktable
                        time:   [4.3409 µs 5.6076 µs 7.2750 µs]
Found 1 outliers among 10 measurements (10.00%)
  1 (10.00%) high mild
Benchmarking ycsb/latency_p99/F/worktable-congee
Benchmarking ycsb/latency_p99/F/worktable-congee: Warming up for 300.00 ms
Benchmarking ycsb/latency_p99/F/worktable-congee: Collecting 10 samples in estimated 14.634 s (20 iterations)
Benchmarking ycsb/latency_p99/F/worktable-congee: Analyzing
ycsb/latency_p99/F/worktable-congee
                        time:   [3.5718 µs 4.5179 µs 5.5713 µs]
Benchmarking ycsb/latency_p99/F/worktable-arctic
Benchmarking ycsb/latency_p99/F/worktable-arctic: Warming up for 300.00 ms
Benchmarking ycsb/latency_p99/F/worktable-arctic: Collecting 10 samples in estimated 14.503 s (20 iterations)
Benchmarking ycsb/latency_p99/F/worktable-arctic: Analyzing
ycsb/latency_p99/F/worktable-arctic
                        time:   [2.7792 µs 2.8762 µs 2.9858 µs]

